2026-08-12 09:48:43.777: [INFO] CurrentProfilePath: C:\Users\SHFT\AppData\Local\Temp\flutter_tools.9bd81924\flutter_tools_chrome_device.d0f901f9\Default
2026-08-12 09:48:43.777: [INFO] Profiles total count: 1
2026-08-12 09:48:43.777: [INFO] Profile: name=Ваш Chrome path=C:\Users\SHFT\AppData\Local\Temp\flutter_tools.9bd81924\flutter_tools_chrome_device.d0f901f9\Default lastActive=null
2026-08-12 09:48:43.777: [INFO] LastUsedProfileDir: C:\Users\SHFT\AppData\Local\Temp\flutter_tools.9bd81924\flutter_tools_chrome_device.d0f901f9\Default
2026-08-12 09:48:43.777: [INFO] VisibilityChanged: 0
2026-08-12 09:48:43.813: [INFO] RecordSyncInitDuration has_sync_been_enabled: 0 state: 0
2026-08-12 09:48:43.814: [INFO] RecordSyncInitDuration has_sync_been_enabled: 0 state: 0
2026-08-12 09:48:43.815: [INFO] RecordSyncInitDuration has_sync_been_enabled: 0 state: 0
2026-08-12 09:48:43.816: [INFO] RecordSyncInitDuration has_sync_been_enabled: 0 state: 0
2026-08-12 09:48:43.817: [INFO] RecordSyncInitDuration has_sync_been_enabled: 0 state: 0
2026-08-12 09:48:43.818: [INFO] RecordSyncInitDuration has_sync_been_enabled: 0 state: 0
2026-08-12 09:48:43.819: [INFO] RecordSyncInitDuration has_sync_been_enabled: 0 state: 0
2026-08-12 09:48:43.821: [INFO] RecordSyncInitDuration has_sync_been_enabled: 0 state: 0
2026-08-12 09:48:43.822: [INFO] RecordSyncInitDuration has_sync_been_enabled: 0 state: 0
2026-08-12 09:48:43.823: [INFO] RecordSyncInitDuration has_sync_been_enabled: 0 state: 0
2026-08-12 09:48:43.841: [INFO] OnDoneLoading sync enabled: 0
2026-08-12 09:48:43.841: [INFO] BookmarkModelLoaded, ids_reassigned: 0
2026-08-12 09:48:43.841: [INFO] BookmarksLoadDropped droppedNodes=0
2026-08-12 09:48:43.841: [INFO] BookmarksSnapshot Startup total=0 bar=0 other=0 mobile=0 showBar=0 showBarNTP=1
2026-08-12 09:48:43.844: [INFO] RecordSyncInitDuration has_sync_been_enabled: 0 state: 0
2026-08-12 09:48:48.978: [INFO] RecordSyncInitDuration has_sync_been_enabled: 0 state: 0
2026-08-12 09:48:48.983: [INFO] RecordSyncInitDuration has_sync_been_enabled: 0 state: 3
2026-08-12 09:48:48.986: [INFO] Primary account changed.
2026-08-12 09:48:48.986: [INFO] OnPrimaryAccountChanged PrimaryAccountChangeEvent::Type::kSet
2026-08-12 09:48:48.992: [INFO] RecordSyncInitDuration has_sync_been_enabled: 0 state: 3
2026-08-12 09:49:21.844: [INFO] BookmarkNodeAdded, ABU: 0
2026-08-12 09:49:21.845: [INFO] BookmarkNodeAdded, ABU: 0
2026-08-12 09:49:21.845: [INFO] BookmarkNodeAdded, ABU: 0
2026-08-12 09:49:21.845: [INFO] BookmarkNodeAdded, ABU: 0
2026-08-12 09:49:21.845: [INFO] BookmarkNodeAdded, ABU: 0
2026-08-12 09:49:21.845: [INFO] BookmarkNodeAdded, ABU: 0
2026-08-12 09:49:21.845: [INFO] BookmarkNodeAdded, ABU: 0
2026-08-12 09:49:21.846: [INFO] BookmarkNodeAdded, ABU: 0
2026-08-12 09:49:21.846: [INFO] BookmarkNodeAdded, ABU: 0
2026-08-12 09:49:21.846: [INFO] BookmarkNodeAdded, ABU: 0
2026-08-12 09:49:21.846: [INFO] BookmarkNodeAdded, ABU: 0
2026-08-12 09:49:21.846: [INFO] BookmarkNodeAdded, ABU: 0
2026-08-12 09:49:21.846: [INFO] BookmarkNodeAdded, ABU: 0
2026-08-12 09:49:21.847: [INFO] BookmarkNodeAdded, ABU: 0
2026-08-12 09:49:21.847: [INFO] BookmarkNodeAdded, ABU: 0
2026-08-12 09:49:21.847: [INFO] BookmarkNodeAdded, ABU: 0
2026-08-12 09:49:21.847: [INFO] BookmarkNodeAdded, ABU: 0
2026-08-12 09:49:21.847: [INFO] BookmarkNodeAdded, ABU: 0
2026-08-12 09:49:21.847: [INFO] BookmarkNodeAdded, ABU: 0
2026-08-12 09:49:21.847: [INFO] BookmarkNodeAdded, ABU: 0
2026-08-12 09:49:21.848: [INFO] BookmarkNodeAdded, ABU: 0
2026-08-12 09:49:21.848: [INFO] BookmarkNodeAdded, ABU: 0
2026-08-12 09:49:21.848: [INFO] BookmarkNodeAdded, ABU: 0
2026-08-12 09:49:21.848: [INFO] BookmarkNodeAdded, ABU: 0
2026-08-12 09:49:21.848: [INFO] BookmarkNodeAdded, ABU: 0
2026-08-12 09:49:21.849: [INFO] BookmarkNodeAdded, ABU: 0
2026-08-12 09:49:21.849: [INFO] BookmarkNodeAdded, ABU: 0
2026-08-12 09:49:21.849: [INFO] BookmarkNodeAdded, ABU: 0
2026-08-12 09:49:21.849: [INFO] BookmarkNodeAdded, ABU: 0
2026-08-12 09:49:21.849: [INFO] BookmarkNodeAdded, ABU: 0
2026-08-12 09:49:21.849: [INFO] BookmarkNodeAdded, ABU: 0
2026-08-12 09:49:21.850: [INFO] BookmarkNodeAdded, ABU: 0
2026-08-12 09:49:21.850: [INFO] BookmarkNodeAdded, ABU: 0
2026-08-12 09:49:21.850: [INFO] BookmarkNodeAdded, ABU: 0
2026-08-12 09:49:21.850: [INFO] BookmarkNodeAdded, ABU: 0
2026-08-12 09:49:21.850: [INFO] BookmarkNodeAdded, ABU: 0
2026-08-12 09:49:21.850: [INFO] BookmarkNodeAdded, ABU: 0
2026-08-12 09:49:21.851: [INFO] BookmarkNodeAdded, ABU: 0
2026-08-12 09:49:21.851: [INFO] BookmarkNodeAdded, ABU: 0
2026-08-12 09:49:21.851: [INFO] BookmarkNodeAdded, ABU: 0
2026-08-12 09:49:21.851: [INFO] BookmarkNodeAdded, ABU: 0
2026-08-12 09:49:21.852: [INFO] BookmarkNodeAdded, ABU: 0
2026-08-12 09:49:21.852: [INFO] BookmarkNodeAdded, ABU: 0
2026-08-12 09:49:21.852: [INFO] BookmarkNodeAdded, ABU: 0
2026-08-12 09:49:21.852: [INFO] BookmarkNodeAdded, ABU: 0
2026-08-12 09:49:21.852: [INFO] BookmarkNodeAdded, ABU: 0
2026-08-12 09:49:21.852: [INFO] BookmarkNodeAdded, ABU: 0
2026-08-12 09:49:21.853: [INFO] BookmarkNodeAdded, ABU: 0
2026-08-12 09:49:21.853: [INFO] BookmarkNodeAdded, ABU: 0
2026-08-12 09:49:21.853: [INFO] BookmarkNodeAdded, ABU: 0
2026-08-12 09:49:21.853: [INFO] BookmarkNodeAdded, ABU: 0
2026-08-12 09:49:21.853: [INFO] BookmarkNodeAdded, ABU: 0
2026-08-12 09:49:21.854: [INFO] BookmarkNodeAdded, ABU: 0
2026-08-12 09:49:21.854: [INFO] BookmarkNodeAdded, ABU: 0
2026-08-12 09:49:21.854: [INFO] BookmarkNodeAdded, ABU: 0
2026-08-12 09:49:21.854: [INFO] BookmarkNodeAdded, ABU: 0
2026-08-12 09:49:21.854: [INFO] BookmarkNodeAdded, ABU: 0
2026-08-12 09:49:21.854: [INFO] BookmarkNodeAdded, ABU: 0
2026-08-12 09:49:21.855: [INFO] BookmarkNodeAdded, ABU: 0
2026-08-12 09:49:21.855: [INFO] BookmarkNodeAdded, ABU: 0
2026-08-12 09:49:21.855: [INFO] BookmarkNodeAdded, ABU: 0
2026-08-12 09:49:21.855: [INFO] BookmarkNodeAdded, ABU: 0
2026-08-12 09:49:21.855: [INFO] BookmarkNodeAdded, ABU: 0
2026-08-12 09:49:21.855: [INFO] BookmarkNodeAdded, ABU: 0
2026-08-12 09:49:21.856: [INFO] BookmarkNodeAdded, ABU: 0
2026-08-12 09:49:21.856: [INFO] BookmarkNodeAdded, ABU: 0
2026-08-12 09:49:21.856: [INFO] BookmarkNodeAdded, ABU: 0
2026-08-12 09:49:21.856: [INFO] BookmarkNodeAdded, ABU: 0
2026-08-12 09:49:21.856: [INFO] BookmarkNodeAdded, ABU: 0
2026-08-12 09:49:21.857: [INFO] BookmarkNodeAdded, ABU: 0
2026-08-12 09:49:21.857: [INFO] BookmarkNodeAdded, ABU: 0
2026-08-12 09:49:21.857: [INFO] BookmarkNodeAdded, ABU: 0
2026-08-12 09:49:21.857: [INFO] BookmarkNodeAdded, ABU: 0
2026-08-12 09:49:21.857: [INFO] BookmarkNodeAdded, ABU: 0
2026-08-12 09:49:21.858: [INFO] BookmarkNodeAdded, ABU: 0
2026-08-12 09:49:21.858: [INFO] BookmarkNodeAdded, ABU: 0
2026-08-12 09:49:21.858: [INFO] BookmarkNodeAdded, ABU: 0
2026-08-12 09:49:21.858: [INFO] BookmarkNodeAdded, ABU: 0
2026-08-12 09:49:21.858: [INFO] BookmarkNodeAdded, ABU: 0
2026-08-12 09:49:21.858: [INFO] BookmarkNodeAdded, ABU: 0
2026-08-12 09:49:21.859: [INFO] BookmarkNodeAdded, ABU: 0
2026-08-12 09:49:21.859: [INFO] BookmarkNodeAdded, ABU: 0
2026-08-12 09:49:21.859: [INFO] BookmarkNodeAdded, ABU: 0
2026-08-12 09:49:21.859: [INFO] BookmarkNodeAdded, ABU: 0
2026-08-12 09:49:21.859: [INFO] BookmarkNodeAdded, ABU: 0
2026-08-12 09:49:21.859: [INFO] BookmarkNodeAdded, ABU: 0
2026-08-12 09:49:21.859: [INFO] BookmarkNodeAdded, ABU: 0
2026-08-12 09:49:21.860: [INFO] BookmarkNodeAdded, ABU: 0
2026-08-12 09:49:21.860: [INFO] BookmarkNodeAdded, ABU: 0
2026-08-12 09:49:21.860: [INFO] BookmarkNodeAdded, ABU: 0
2026-08-12 09:49:21.860: [INFO] BookmarkNodeAdded, ABU: 0
2026-08-12 09:49:21.860: [INFO] BookmarkNodeAdded, ABU: 0
2026-08-12 09:49:21.860: [INFO] BookmarkNodeAdded, ABU: 0
2026-08-12 09:49:21.860: [INFO] BookmarkNodeAdded, ABU: 0
2026-08-12 09:49:21.860: [INFO] BookmarkNodeAdded, ABU: 0
2026-08-12 09:49:21.860: [INFO] BookmarkNodeAdded, ABU: 0
2026-08-12 09:49:21.860: [INFO] BookmarkNodeAdded, ABU: 0
2026-08-12 09:49:21.861: [INFO] BookmarkNodeAdded, ABU: 0
2026-08-12 09:49:21.861: [INFO] BookmarkNodeAdded, ABU: 0
2026-08-12 09:49:21.861: [INFO] BookmarkNodeAdded, ABU: 0
2026-08-12 09:49:21.861: [INFO] BookmarkNodeAdded, ABU: 0
2026-08-12 09:49:21.861: [INFO] BookmarkNodeAdded, ABU: 0
2026-08-12 09:49:21.861: [INFO] BookmarkNodeAdded, ABU: 0
2026-08-12 09:49:21.861: [INFO] BookmarkNodeAdded, ABU: 0
2026-08-12 09:49:21.861: [INFO] BookmarkNodeAdded, ABU: 0
2026-08-12 09:49:21.861: [INFO] BookmarkNodeAdded, ABU: 0
2026-08-12 09:49:21.861: [INFO] BookmarkNodeAdded, ABU: 0
2026-08-12 09:49:21.862: [INFO] BookmarkNodeAdded, ABU: 0
2026-08-12 09:49:21.862: [INFO] BookmarkNodeAdded, ABU: 0
2026-08-12 09:49:21.862: [INFO] BookmarkNodeAdded, ABU: 0
2026-08-12 09:49:21.862: [INFO] BookmarkNodeAdded, ABU: 0
2026-08-12 09:49:21.862: [INFO] BookmarkNodeAdded, ABU: 0
2026-08-12 09:49:21.862: [INFO] BookmarkNodeAdded, ABU: 0
2026-08-12 09:49:21.862: [INFO] BookmarkNodeAdded, ABU: 0
2026-08-12 09:49:21.862: [INFO] BookmarkNodeAdded, ABU: 0
2026-08-12 09:49:21.863: [INFO] BookmarkNodeAdded, ABU: 0
2026-08-12 09:49:21.863: [INFO] BookmarkNodeAdded, ABU: 0
2026-08-12 09:49:21.863: [INFO] BookmarkNodeAdded, ABU: 0
2026-08-12 09:49:21.863: [INFO] BookmarkNodeAdded, ABU: 0
2026-08-12 09:49:21.863: [INFO] BookmarkNodeAdded, ABU: 0
2026-08-12 09:49:21.864: [INFO] BookmarkNodeAdded, ABU: 0
2026-08-12 09:49:21.864: [INFO] BookmarkNodeAdded, ABU: 0
2026-08-12 09:49:21.864: [INFO] BookmarkNodeAdded, ABU: 0
2026-08-12 09:49:21.864: [INFO] BookmarkNodeAdded, ABU: 0
2026-08-12 09:49:21.864: [INFO] BookmarkNodeAdded, ABU: 0
2026-08-12 09:49:21.864: [INFO] BookmarkNodeAdded, ABU: 0
2026-08-12 09:49:21.865: [INFO] BookmarkNodeAdded, ABU: 0
2026-08-12 09:49:21.865: [INFO] BookmarkNodeAdded, ABU: 0
2026-08-12 09:49:21.865: [INFO] BookmarkNodeAdded, ABU: 0
2026-08-12 09:49:21.865: [INFO] BookmarkNodeAdded, ABU: 0
2026-08-12 09:49:21.865: [INFO] BookmarkNodeAdded, ABU: 0
2026-08-12 09:49:21.865: [INFO] BookmarkNodeAdded, ABU: 0
2026-08-12 09:49:21.866: [INFO] BookmarkNodeAdded, ABU: 0
2026-08-12 09:49:21.866: [INFO] BookmarkNodeAdded, ABU: 0
2026-08-12 09:49:21.866: [INFO] BookmarkNodeAdded, ABU: 0
2026-08-12 09:49:21.866: [INFO] BookmarkNodeAdded, ABU: 0
2026-08-12 09:49:21.866: [INFO] BookmarkNodeAdded, ABU: 0
2026-08-12 09:49:21.866: [INFO] BookmarkNodeAdded, ABU: 0
2026-08-12 09:49:21.866: [INFO] BookmarkNodeAdded, ABU: 0
2026-08-12 09:49:21.867: [INFO] BookmarkNodeAdded, ABU: 0
2026-08-12 09:49:21.867: [INFO] BookmarkNodeAdded, ABU: 0
2026-08-12 09:49:21.867: [INFO] BookmarkNodeAdded, ABU: 0
2026-08-12 09:49:21.867: [INFO] BookmarkNodeAdded, ABU: 0
2026-08-12 09:49:21.867: [INFO] BookmarkNodeAdded, ABU: 0
2026-08-12 09:49:21.867: [INFO] BookmarkNodeAdded, ABU: 0
2026-08-12 09:49:21.868: [INFO] BookmarkNodeAdded, ABU: 0
2026-08-12 09:49:21.868: [INFO] BookmarkNodeAdded, ABU: 0
2026-08-12 09:49:21.868: [INFO] BookmarkNodeAdded, ABU: 0
2026-08-12 09:49:21.868: [INFO] BookmarkNodeAdded, ABU: 0
2026-08-12 09:49:21.868: [INFO] BookmarkNodeAdded, ABU: 0
2026-08-12 09:49:21.868: [INFO] BookmarkNodeAdded, ABU: 0
2026-08-12 09:49:21.869: [INFO] BookmarkNodeAdded, ABU: 0
2026-08-12 09:49:21.869: [INFO] BookmarkNodeAdded, ABU: 0
2026-08-12 09:49:21.869: [INFO] BookmarkNodeAdded, ABU: 0
2026-08-12 09:49:21.869: [INFO] BookmarkNodeAdded, ABU: 0
2026-08-12 09:49:21.869: [INFO] BookmarkNodeAdded, ABU: 0
2026-08-12 09:49:21.869: [INFO] BookmarkNodeAdded, ABU: 0
2026-08-12 09:49:21.870: [INFO] BookmarkNodeAdded, ABU: 0
2026-08-12 09:49:21.870: [INFO] BookmarkNodeAdded, ABU: 0
2026-08-12 09:49:21.870: [INFO] BookmarkNodeAdded, ABU: 0
2026-08-12 09:49:21.870: [INFO] BookmarkNodeAdded, ABU: 0
2026-08-12 09:49:21.870: [INFO] BookmarkNodeAdded, ABU: 0
2026-08-12 09:49:21.870: [INFO] BookmarkNodeAdded, ABU: 0
2026-08-12 09:49:21.871: [INFO] BookmarkNodeAdded, ABU: 0
2026-08-12 09:49:21.871: [INFO] BookmarkNodeAdded, ABU: 0
2026-08-12 09:49:21.871: [INFO] BookmarkNodeAdded, ABU: 0
2026-08-12 09:49:21.871: [INFO] BookmarkNodeAdded, ABU: 0
2026-08-12 09:49:21.872: [INFO] BookmarkNodeAdded, ABU: 0
2026-08-12 09:49:21.872: [INFO] BookmarkNodeAdded, ABU: 0
2026-08-12 09:49:21.872: [INFO] BookmarkNodeAdded, ABU: 0
2026-08-12 09:49:21.873: [INFO] BookmarkNodeAdded, ABU: 0
2026-08-12 09:49:21.873: [INFO] BookmarkNodeAdded, ABU: 0
2026-08-12 09:49:21.873: [INFO] BookmarkNodeAdded, ABU: 0
2026-08-12 09:49:21.873: [INFO] BookmarkNodeAdded, ABU: 0
2026-08-12 09:49:21.873: [INFO] BookmarkNodeAdded, ABU: 0
2026-08-12 09:49:21.874: [INFO] BookmarkNodeAdded, ABU: 0
2026-08-12 09:49:21.874: [INFO] BookmarkNodeAdded, ABU: 0
2026-08-12 09:49:21.874: [INFO] BookmarkNodeAdded, ABU: 0
2026-08-12 09:49:21.874: [INFO] BookmarkNodeAdded, ABU: 0
2026-08-12 09:49:21.874: [INFO] BookmarkNodeAdded, ABU: 0
2026-08-12 09:49:21.875: [INFO] BookmarkNodeAdded, ABU: 0
2026-08-12 09:49:21.875: [INFO] BookmarkNodeAdded, ABU: 0
2026-08-12 09:49:21.875: [INFO] BookmarkNodeAdded, ABU: 0
2026-08-12 09:49:21.875: [INFO] BookmarkNodeAdded, ABU: 0
2026-08-12 09:49:21.875: [INFO] BookmarkNodeAdded, ABU: 0
2026-08-12 09:49:21.876: [INFO] BookmarkNodeAdded, ABU: 0
2026-08-12 09:49:21.876: [INFO] BookmarkNodeAdded, ABU: 0
2026-08-12 09:49:21.876: [INFO] BookmarkNodeAdded, ABU: 0
2026-08-12 09:49:21.876: [INFO] BookmarkNodeAdded, ABU: 0
2026-08-12 09:49:21.877: [INFO] BookmarkNodeAdded, ABU: 0
2026-08-12 09:49:21.877: [INFO] BookmarkNodeAdded, ABU: 0
2026-08-12 09:49:21.877: [INFO] BookmarkNodeAdded, ABU: 0
2026-08-12 09:49:21.877: [INFO] BookmarkNodeAdded, ABU: 0
2026-08-12 09:49:21.878: [INFO] BookmarkNodeAdded, ABU: 0
2026-08-12 09:49:21.878: [INFO] BookmarkNodeAdded, ABU: 0
2026-08-12 09:49:21.878: [INFO] BookmarkNodeAdded, ABU: 0
2026-08-12 09:49:21.878: [INFO] BookmarkNodeAdded, ABU: 0
2026-08-12 09:49:21.879: [INFO] BookmarkNodeAdded, ABU: 0
2026-08-12 09:49:21.879: [INFO] BookmarkNodeAdded, ABU: 0
2026-08-12 09:49:21.880: [INFO] BookmarkNodeAdded, ABU: 0
2026-08-12 09:49:21.880: [INFO] BookmarkNodeAdded, ABU: 0
2026-08-12 09:49:21.880: [INFO] BookmarkNodeAdded, ABU: 0
2026-08-12 09:49:21.880: [INFO] BookmarkNodeAdded, ABU: 0
2026-08-12 09:49:21.880: [INFO] BookmarkNodeAdded, ABU: 0
2026-08-12 09:49:21.881: [INFO] BookmarkNodeAdded, ABU: 0
2026-08-12 09:49:21.881: [INFO] BookmarkNodeAdded, ABU: 0
2026-08-12 09:49:21.881: [INFO] BookmarkNodeAdded, ABU: 0
2026-08-12 09:49:21.881: [INFO] BookmarkNodeAdded, ABU: 0
2026-08-12 09:49:21.882: [INFO] BookmarkNodeAdded, ABU: 0
2026-08-12 09:49:21.882: [INFO] BookmarkNodeAdded, ABU: 0
2026-08-12 09:49:21.882: [INFO] BookmarkNodeAdded, ABU: 0
2026-08-12 09:49:21.882: [INFO] BookmarkNodeAdded, ABU: 0
2026-08-12 09:49:21.882: [INFO] BookmarkNodeAdded, ABU: 0
2026-08-12 09:49:21.882: [INFO] BookmarkNodeAdded, ABU: 0
2026-08-12 09:49:21.883: [INFO] BookmarkNodeAdded, ABU: 0
2026-08-12 09:49:21.883: [INFO] BookmarkNodeAdded, ABU: 0
2026-08-12 09:49:21.883: [INFO] BookmarkNodeAdded, ABU: 0
2026-08-12 09:49:21.883: [INFO] BookmarkNodeAdded, ABU: 0
2026-08-12 09:49:21.883: [INFO] BookmarkNodeAdded, ABU: 0
2026-08-12 09:49:21.884: [INFO] BookmarkNodeAdded, ABU: 0
2026-08-12 09:49:21.884: [INFO] BookmarkNodeAdded, ABU: 0
2026-08-12 09:49:21.884: [INFO] BookmarkNodeAdded, ABU: 0
2026-08-12 09:49:21.884: [INFO] BookmarkNodeAdded, ABU: 0
2026-08-12 09:49:21.884: [INFO] BookmarkNodeAdded, ABU: 0
2026-08-12 09:49:21.884: [INFO] BookmarkNodeAdded, ABU: 0
2026-08-12 09:49:21.885: [INFO] BookmarkNodeAdded, ABU: 0
2026-08-12 09:49:21.885: [INFO] BookmarkNodeAdded, ABU: 0
2026-08-12 09:49:21.885: [INFO] BookmarkNodeAdded, ABU: 0
2026-08-12 09:49:21.885: [INFO] BookmarkNodeAdded, ABU: 0
2026-08-12 09:49:21.885: [INFO] BookmarkNodeAdded, ABU: 0
2026-08-12 09:49:21.885: [INFO] BookmarkNodeAdded, ABU: 0
2026-08-12 09:49:21.886: [INFO] BookmarkNodeAdded, ABU: 0
2026-08-12 09:49:21.886: [INFO] BookmarkNodeAdded, ABU: 0
2026-08-12 09:49:21.886: [INFO] BookmarkNodeAdded, ABU: 0
2026-08-12 09:49:21.886: [INFO] BookmarkNodeAdded, ABU: 0
2026-08-12 09:49:21.886: [INFO] BookmarkNodeAdded, ABU: 0
2026-08-12 09:49:21.887: [INFO] BookmarkNodeAdded, ABU: 0
2026-08-12 09:49:21.887: [INFO] BookmarkNodeAdded, ABU: 0
2026-08-12 09:49:21.887: [INFO] BookmarkNodeAdded, ABU: 0
2026-08-12 09:49:21.887: [INFO] BookmarkNodeAdded, ABU: 0
2026-08-12 09:49:21.887: [INFO] BookmarkNodeAdded, ABU: 0
2026-08-12 09:49:21.887: [INFO] BookmarkNodeAdded, ABU: 0
2026-08-12 09:49:21.888: [INFO] BookmarkNodeAdded, ABU: 0
2026-08-12 09:49:21.888: [INFO] BookmarkNodeAdded, ABU: 0
2026-08-12 09:49:21.888: [INFO] BookmarkNodeAdded, ABU: 0
2026-08-12 09:49:21.888: [INFO] BookmarkNodeAdded, ABU: 0
2026-08-12 09:49:21.888: [INFO] BookmarkNodeAdded, ABU: 0
2026-08-12 09:49:21.888: [INFO] BookmarkNodeAdded, ABU: 0
2026-08-12 09:49:21.888: [INFO] BookmarkNodeAdded, ABU: 0
2026-08-12 09:49:21.889: [INFO] BookmarkNodeAdded, ABU: 0
2026-08-12 09:49:21.889: [INFO] BookmarkNodeAdded, ABU: 0
2026-08-12 09:49:21.889: [INFO] BookmarkNodeAdded, ABU: 0
2026-08-12 09:49:21.889: [INFO] BookmarkNodeAdded, ABU: 0
2026-08-12 09:49:21.890: [INFO] BookmarkNodeAdded, ABU: 0
2026-08-12 09:49:21.891: [INFO] BookmarkNodeAdded, ABU: 0
2026-08-12 09:49:21.891: [INFO] BookmarkNodeAdded, ABU: 0
2026-08-12 09:49:21.891: [INFO] BookmarkNodeAdded, ABU: 0
2026-08-12 09:49:21.891: [INFO] BookmarkNodeAdded, ABU: 0
2026-08-12 09:49:21.891: [INFO] BookmarkNodeAdded, ABU: 0
2026-08-12 09:49:21.891: [INFO] BookmarkNodeAdded, ABU: 0
2026-08-12 09:49:21.891: [INFO] BookmarkNodeAdded, ABU: 0
2026-08-12 09:49:21.891: [INFO] BookmarkNodeAdded, ABU: 0
2026-08-12 09:49:21.891: [INFO] BookmarkNodeAdded, ABU: 0
2026-08-12 09:49:21.891: [INFO] BookmarkNodeAdded, ABU: 0
2026-08-12 09:49:21.892: [INFO] BookmarkNodeAdded, ABU: 0
2026-08-12 09:49:21.892: [INFO] BookmarkNodeAdded, ABU: 0
2026-08-12 09:49:21.892: [INFO] BookmarkNodeAdded, ABU: 0
2026-08-12 09:49:21.892: [INFO] BookmarkNodeAdded, ABU: 0
2026-08-12 09:49:21.892: [INFO] BookmarkNodeAdded, ABU: 0
2026-08-12 09:49:21.892: [INFO] BookmarkNodeAdded, ABU: 0
2026-08-12 09:49:21.892: [INFO] BookmarkNodeAdded, ABU: 0
2026-08-12 09:49:21.892: [INFO] BookmarkNodeAdded, ABU: 0
2026-08-12 09:49:21.892: [INFO] BookmarkNodeAdded, ABU: 0
2026-08-12 09:49:21.892: [INFO] BookmarkNodeAdded, ABU: 0
2026-08-12 09:49:21.893: [INFO] BookmarkNodeAdded, ABU: 0
2026-08-12 09:49:21.893: [INFO] BookmarkNodeAdded, ABU: 0
2026-08-12 09:49:21.893: [INFO] BookmarkNodeAdded, ABU: 0
2026-08-12 09:49:21.893: [INFO] BookmarkNodeAdded, ABU: 0
2026-08-12 09:49:21.893: [INFO] BookmarkNodeAdded, ABU: 0
2026-08-12 09:49:21.893: [INFO] BookmarkNodeAdded, ABU: 0
2026-08-12 09:49:21.893: [INFO] BookmarkNodeAdded, ABU: 0
2026-08-12 09:49:21.893: [INFO] BookmarkNodeAdded, ABU: 0
2026-08-12 09:49:21.893: [INFO] BookmarkNodeAdded, ABU: 0
2026-08-12 09:49:21.893: [INFO] BookmarkNodeAdded, ABU: 0
2026-08-12 09:49:21.893: [INFO] BookmarkNodeAdded, ABU: 0
2026-08-12 09:49:21.894: [INFO] BookmarkNodeAdded, ABU: 0
2026-08-12 09:49:21.894: [INFO] BookmarkNodeAdded, ABU: 0
2026-08-12 09:49:21.894: [INFO] BookmarkNodeAdded, ABU: 0
2026-08-12 09:49:21.894: [INFO] BookmarkNodeAdded, ABU: 0
2026-08-12 09:49:21.894: [INFO] BookmarkNodeAdded, ABU: 0
2026-08-12 09:49:21.894: [INFO] BookmarkNodeAdded, ABU: 0
2026-08-12 09:49:21.895: [INFO] BookmarkNodeAdded, ABU: 0
2026-08-12 09:49:21.895: [INFO] BookmarkNodeAdded, ABU: 0
2026-08-12 09:49:21.895: [INFO] BookmarkNodeAdded, ABU: 0
2026-08-12 09:49:21.895: [INFO] BookmarkNodeAdded, ABU: 0
2026-08-12 09:49:21.895: [INFO] BookmarkNodeAdded, ABU: 0
2026-08-12 09:49:21.895: [INFO] BookmarkNodeAdded, ABU: 0
2026-08-12 09:49:21.895: [INFO] BookmarkNodeAdded, ABU: 0
2026-08-12 09:49:21.895: [INFO] BookmarkNodeAdded, ABU: 0
2026-08-12 09:49:21.895: [INFO] BookmarkNodeAdded, ABU: 0
2026-08-12 09:49:21.895: [INFO] BookmarkNodeAdded, ABU: 0
2026-08-12 09:49:21.895: [INFO] BookmarkNodeAdded, ABU: 0
2026-08-12 09:49:21.896: [INFO] BookmarkNodeAdded, ABU: 0
2026-08-12 09:49:21.896: [INFO] BookmarkNodeAdded, ABU: 0
2026-08-12 09:49:21.896: [INFO] BookmarkNodeAdded, ABU: 0
2026-08-12 09:49:21.896: [INFO] BookmarkNodeAdded, ABU: 0
2026-08-12 09:49:21.896: [INFO] BookmarkNodeAdded, ABU: 0
2026-08-12 09:49:21.896: [INFO] BookmarkNodeAdded, ABU: 0
2026-08-12 09:49:21.896: [INFO] BookmarkNodeAdded, ABU: 0
2026-08-12 09:49:21.896: [INFO] BookmarkNodeAdded, ABU: 0
2026-08-12 09:49:21.897: [INFO] BookmarkNodeAdded, ABU: 0
2026-08-12 09:49:21.897: [INFO] BookmarkNodeAdded, ABU: 0
2026-08-12 09:49:21.897: [INFO] BookmarkNodeAdded, ABU: 0
2026-08-12 09:49:21.897: [INFO] BookmarkNodeAdded, ABU: 0
2026-08-12 09:49:21.897: [INFO] BookmarkNodeAdded, ABU: 0
2026-08-12 09:49:21.897: [INFO] BookmarkNodeAdded, ABU: 0
2026-08-12 09:49:21.897: [INFO] BookmarkNodeAdded, ABU: 0
2026-08-12 09:49:21.898: [INFO] BookmarkNodeAdded, ABU: 0
2026-08-12 09:49:21.898: [INFO] BookmarkNodeAdded, ABU: 0
2026-08-12 09:49:21.898: [INFO] BookmarkNodeAdded, ABU: 0
2026-08-12 09:49:21.898: [INFO] BookmarkNodeAdded, ABU: 0
2026-08-12 09:49:21.898: [INFO] BookmarkNodeAdded, ABU: 0
2026-08-12 09:49:21.898: [INFO] BookmarkNodeAdded, ABU: 0
2026-08-12 09:49:21.899: [INFO] BookmarkNodeAdded, ABU: 0
2026-08-12 09:49:21.899: [INFO] BookmarkNodeAdded, ABU: 0
2026-08-12 09:49:21.899: [INFO] BookmarkNodeAdded, ABU: 0
2026-08-12 09:49:21.899: [INFO] BookmarkNodeAdded, ABU: 0
2026-08-12 09:49:21.899: [INFO] BookmarkNodeAdded, ABU: 0
2026-08-12 09:49:21.899: [INFO] BookmarkNodeAdded, ABU: 0
2026-08-12 09:49:21.899: [INFO] BookmarkNodeAdded, ABU: 0
2026-08-12 09:49:21.900: [INFO] BookmarkNodeAdded, ABU: 0
2026-08-12 09:49:21.900: [INFO] BookmarkNodeAdded, ABU: 0
2026-08-12 09:49:21.900: [INFO] BookmarkNodeAdded, ABU: 0
2026-08-12 09:49:21.900: [INFO] BookmarkNodeAdded, ABU: 0
2026-08-12 09:49:21.900: [INFO] BookmarkNodeAdded, ABU: 0
2026-08-12 09:49:21.900: [INFO] BookmarkNodeAdded, ABU: 0
2026-08-12 09:49:21.900: [INFO] BookmarkNodeAdded, ABU: 0
2026-08-12 09:49:21.901: [INFO] BookmarkNodeAdded, ABU: 0
2026-08-12 09:49:21.901: [INFO] BookmarkNodeAdded, ABU: 0
2026-08-12 09:49:21.901: [INFO] BookmarkNodeAdded, ABU: 0
2026-08-12 09:49:21.901: [INFO] BookmarkNodeAdded, ABU: 0
2026-08-12 09:49:21.902: [INFO] BookmarkNodeAdded, ABU: 0
2026-08-12 09:49:21.902: [INFO] BookmarkNodeAdded, ABU: 0
2026-08-12 09:49:21.902: [INFO] BookmarkNodeAdded, ABU: 0
2026-08-12 09:49:21.902: [INFO] BookmarkNodeAdded, ABU: 0
2026-08-12 09:49:21.902: [INFO] BookmarkNodeAdded, ABU: 0
2026-08-12 09:49:21.902: [INFO] BookmarkNodeAdded, ABU: 0
2026-08-12 09:49:21.903: [INFO] BookmarkNodeAdded, ABU: 0
2026-08-12 09:49:21.903: [INFO] BookmarkNodeAdded, ABU: 0
2026-08-12 09:49:21.903: [INFO] BookmarkNodeAdded, ABU: 0
2026-08-12 09:49:21.903: [INFO] BookmarkNodeAdded, ABU: 0
2026-08-12 09:49:21.903: [INFO] BookmarkNodeAdded, ABU: 0
2026-08-12 09:49:21.903: [INFO] BookmarkNodeAdded, ABU: 0
2026-08-12 09:49:21.904: [INFO] BookmarkNodeAdded, ABU: 0
2026-08-12 09:49:21.904: [INFO] BookmarkNodeAdded, ABU: 0
2026-08-12 09:49:21.904: [INFO] BookmarkNodeAdded, ABU: 0
2026-08-12 09:49:21.904: [INFO] BookmarkNodeAdded, ABU: 0
2026-08-12 09:49:21.904: [INFO] BookmarkNodeAdded, ABU: 0
2026-08-12 09:49:21.904: [INFO] BookmarkNodeAdded, ABU: 0
2026-08-12 09:49:21.904: [INFO] BookmarkNodeAdded, ABU: 0
2026-08-12 09:49:21.905: [INFO] BookmarkNodeAdded, ABU: 0
2026-08-12 09:49:21.905: [INFO] BookmarkNodeAdded, ABU: 0
2026-08-12 09:49:21.905: [INFO] BookmarkNodeAdded, ABU: 0
2026-08-12 09:49:21.905: [INFO] BookmarkNodeAdded, ABU: 0
2026-08-12 09:49:21.905: [INFO] BookmarkNodeAdded, ABU: 0
2026-08-12 09:49:21.905: [INFO] BookmarkNodeAdded, ABU: 0
2026-08-12 09:49:21.905: [INFO] BookmarkNodeAdded, ABU: 0
2026-08-12 09:49:21.906: [INFO] BookmarkNodeAdded, ABU: 0
2026-08-12 09:49:21.906: [INFO] BookmarkNodeAdded, ABU: 0
2026-08-12 09:49:21.906: [INFO] BookmarkNodeAdded, ABU: 0
2026-08-12 09:49:21.906: [INFO] BookmarkNodeAdded, ABU: 0
2026-08-12 09:49:21.906: [INFO] BookmarkNodeAdded, ABU: 0
2026-08-12 09:49:21.906: [INFO] BookmarkNodeAdded, ABU: 0
2026-08-12 09:49:21.907: [INFO] BookmarkNodeAdded, ABU: 0
2026-08-12 09:49:21.907: [INFO] BookmarkNodeAdded, ABU: 0
2026-08-12 09:49:21.907: [INFO] BookmarkNodeAdded, ABU: 0
2026-08-12 09:49:21.907: [INFO] BookmarkNodeAdded, ABU: 0
2026-08-12 09:49:21.907: [INFO] BookmarkNodeAdded, ABU: 0
2026-08-12 09:49:21.907: [INFO] BookmarkNodeAdded, ABU: 0
2026-08-12 09:49:21.907: [INFO] BookmarkNodeAdded, ABU: 0
2026-08-12 09:49:21.908: [INFO] BookmarkNodeAdded, ABU: 0
2026-08-12 09:49:21.908: [INFO] BookmarkNodeAdded, ABU: 0
2026-08-12 09:49:21.908: [INFO] BookmarkNodeAdded, ABU: 0
2026-08-12 09:49:21.908: [INFO] BookmarkNodeAdded, ABU: 0
2026-08-12 09:49:21.908: [INFO] BookmarkNodeAdded, ABU: 0
2026-08-12 09:49:21.908: [INFO] BookmarkNodeAdded, ABU: 0
2026-08-12 09:49:21.908: [INFO] BookmarkNodeAdded, ABU: 0
2026-08-12 09:49:21.908: [INFO] BookmarkNodeAdded, ABU: 0
2026-08-12 09:49:21.908: [INFO] BookmarkNodeAdded, ABU: 0
2026-08-12 09:49:21.908: [INFO] BookmarkNodeAdded, ABU: 0
2026-08-12 09:49:21.908: [INFO] BookmarkNodeAdded, ABU: 0
2026-08-12 09:49:21.909: [INFO] BookmarkNodeAdded, ABU: 0
2026-08-12 09:49:21.909: [INFO] BookmarkNodeAdded, ABU: 0
2026-08-12 09:49:21.909: [INFO] BookmarkNodeAdded, ABU: 0
2026-08-12 09:49:21.909: [INFO] BookmarkNodeAdded, ABU: 0
2026-08-12 09:49:21.909: [INFO] BookmarkNodeAdded, ABU: 0
2026-08-12 09:49:21.909: [INFO] BookmarkNodeAdded, ABU: 0
2026-08-12 09:49:21.909: [INFO] BookmarkNodeAdded, ABU: 0
2026-08-12 09:49:21.909: [INFO] BookmarkNodeAdded, ABU: 0
2026-08-12 09:49:21.909: [INFO] BookmarkNodeAdded, ABU: 0
2026-08-12 09:49:21.910: [INFO] BookmarkNodeAdded, ABU: 0
2026-08-12 09:49:21.910: [INFO] BookmarkNodeAdded, ABU: 0
2026-08-12 09:49:21.910: [INFO] BookmarkNodeAdded, ABU: 0
2026-08-12 09:49:21.910: [INFO] BookmarkNodeAdded, ABU: 0
2026-08-12 09:49:21.910: [INFO] BookmarkNodeAdded, ABU: 0
2026-08-12 09:49:21.910: [INFO] BookmarkNodeAdded, ABU: 0
2026-08-12 09:49:21.910: [INFO] BookmarkNodeAdded, ABU: 0
2026-08-12 09:49:21.910: [INFO] BookmarkNodeAdded, ABU: 0
2026-08-12 09:49:21.911: [INFO] BookmarkNodeAdded, ABU: 0
2026-08-12 09:49:21.911: [INFO] BookmarkNodeAdded, ABU: 0
2026-08-12 09:49:21.911: [INFO] BookmarkNodeAdded, ABU: 0
2026-08-12 09:49:21.911: [INFO] BookmarkNodeAdded, ABU: 0
2026-08-12 09:49:21.911: [INFO] BookmarkNodeAdded, ABU: 0
2026-08-12 09:49:21.911: [INFO] BookmarkNodeAdded, ABU: 0
2026-08-12 09:49:21.911: [INFO] BookmarkNodeAdded, ABU: 0
2026-08-12 09:49:21.911: [INFO] BookmarkNodeAdded, ABU: 0
2026-08-12 09:49:21.912: [INFO] BookmarkNodeAdded, ABU: 0
2026-08-12 09:49:21.912: [INFO] BookmarkNodeAdded, ABU: 0
2026-08-12 09:49:21.912: [INFO] BookmarkNodeAdded, ABU: 0
2026-08-12 09:49:21.912: [INFO] BookmarkNodeAdded, ABU: 0
2026-08-12 09:49:21.912: [INFO] BookmarkNodeAdded, ABU: 0
2026-08-12 09:49:21.912: [INFO] BookmarkNodeAdded, ABU: 0
2026-08-12 09:49:21.912: [INFO] BookmarkNodeAdded, ABU: 0
2026-08-12 09:49:21.912: [INFO] BookmarkNodeAdded, ABU: 0
2026-08-12 09:49:21.913: [INFO] BookmarkNodeAdded, ABU: 0
2026-08-12 09:49:21.913: [INFO] BookmarkNodeAdded, ABU: 0
2026-08-12 09:49:21.913: [INFO] BookmarkNodeAdded, ABU: 0
2026-08-12 09:49:21.913: [INFO] BookmarkNodeAdded, ABU: 0
2026-08-12 09:49:21.913: [INFO] BookmarkNodeAdded, ABU: 0
2026-08-12 09:49:21.913: [INFO] BookmarkNodeAdded, ABU: 0
2026-08-12 09:49:21.913: [INFO] BookmarkNodeAdded, ABU: 0
2026-08-12 09:49:21.914: [INFO] BookmarkNodeAdded, ABU: 0
2026-08-12 09:49:21.914: [INFO] BookmarkNodeAdded, ABU: 0
2026-08-12 09:49:21.914: [INFO] BookmarkNodeAdded, ABU: 0
2026-08-12 09:49:21.914: [INFO] BookmarkNodeAdded, ABU: 0
2026-08-12 09:49:21.914: [INFO] BookmarkNodeAdded, ABU: 0
2026-08-12 09:49:21.914: [INFO] BookmarkNodeAdded, ABU: 0
2026-08-12 09:49:21.914: [INFO] BookmarkNodeAdded, ABU: 0
2026-08-12 09:49:21.914: [INFO] BookmarkNodeAdded, ABU: 0
2026-08-12 09:49:21.915: [INFO] BookmarkNodeAdded, ABU: 0
2026-08-12 09:49:21.915: [INFO] BookmarkNodeAdded, ABU: 0
2026-08-12 09:49:21.915: [INFO] BookmarkNodeAdded, ABU: 0
2026-08-12 09:49:21.915: [INFO] BookmarkNodeAdded, ABU: 0
2026-08-12 09:49:21.915: [INFO] BookmarkNodeAdded, ABU: 0
2026-08-12 09:49:21.915: [INFO] BookmarkNodeAdded, ABU: 0
2026-08-12 09:49:21.915: [INFO] BookmarkNodeAdded, ABU: 0
2026-08-12 09:49:21.915: [INFO] BookmarkNodeAdded, ABU: 0
2026-08-12 09:49:21.916: [INFO] BookmarkNodeAdded, ABU: 0
2026-08-12 09:49:21.916: [INFO] BookmarkNodeAdded, ABU: 0
2026-08-12 09:49:21.916: [INFO] BookmarkNodeAdded, ABU: 0
2026-08-12 09:49:21.916: [INFO] BookmarkNodeAdded, ABU: 0
2026-08-12 09:49:21.916: [INFO] BookmarkNodeAdded, ABU: 0
2026-08-12 09:49:21.916: [INFO] BookmarkNodeAdded, ABU: 0
2026-08-12 09:49:21.916: [INFO] BookmarkNodeAdded, ABU: 0
2026-08-12 09:49:21.917: [INFO] BookmarkNodeAdded, ABU: 0
2026-08-12 09:49:21.917: [INFO] BookmarkNodeAdded, ABU: 0
2026-08-12 09:49:21.917: [INFO] BookmarkNodeAdded, ABU: 0
2026-08-12 09:49:21.917: [INFO] BookmarkNodeAdded, ABU: 0
2026-08-12 09:49:21.917: [INFO] BookmarkNodeAdded, ABU: 0
2026-08-12 09:49:21.917: [INFO] BookmarkNodeAdded, ABU: 0
2026-08-12 09:49:21.917: [INFO] BookmarkNodeAdded, ABU: 0
2026-08-12 09:49:21.918: [INFO] BookmarkNodeAdded, ABU: 0
2026-08-12 09:49:21.918: [INFO] BookmarkNodeAdded, ABU: 0
2026-08-12 09:49:21.918: [INFO] BookmarkNodeAdded, ABU: 0
2026-08-12 09:49:21.918: [INFO] BookmarkNodeAdded, ABU: 0
2026-08-12 09:49:21.918: [INFO] BookmarkNodeAdded, ABU: 0
2026-08-12 09:49:21.918: [INFO] BookmarkNodeAdded, ABU: 0
2026-08-12 09:49:21.918: [INFO] BookmarkNodeAdded, ABU: 0
2026-08-12 09:49:21.919: [INFO] BookmarkNodeAdded, ABU: 0
2026-08-12 09:49:21.919: [INFO] BookmarkNodeAdded, ABU: 0
2026-08-12 09:49:21.919: [INFO] BookmarkNodeAdded, ABU: 0
2026-08-12 09:49:21.919: [INFO] BookmarkNodeAdded, ABU: 0
2026-08-12 09:49:21.920: [INFO] BookmarkNodeAdded, ABU: 0
2026-08-12 09:49:21.920: [INFO] BookmarkNodeAdded, ABU: 0
2026-08-12 09:49:21.920: [INFO] BookmarkNodeAdded, ABU: 0
2026-08-12 09:49:21.920: [INFO] BookmarkNodeAdded, ABU: 0
2026-08-12 09:49:21.920: [INFO] BookmarkNodeAdded, ABU: 0
2026-08-12 09:49:21.920: [INFO] BookmarkNodeAdded, ABU: 0
2026-08-12 09:49:21.921: [INFO] BookmarkNodeAdded, ABU: 0
2026-08-12 09:49:21.921: [INFO] BookmarkNodeAdded, ABU: 0
2026-08-12 09:49:21.922: [INFO] BookmarkNodeAdded, ABU: 0
2026-08-12 09:49:21.922: [INFO] BookmarkNodeAdded, ABU: 0
2026-08-12 09:49:21.922: [INFO] BookmarkNodeAdded, ABU: 0
2026-08-12 09:49:21.923: [INFO] BookmarkNodeAdded, ABU: 0
2026-08-12 09:49:21.923: [INFO] BookmarkNodeAdded, ABU: 0
2026-08-12 09:49:21.923: [INFO] BookmarkNodeAdded, ABU: 0
2026-08-12 09:49:21.923: [INFO] BookmarkNodeAdded, ABU: 0
2026-08-12 09:49:21.923: [INFO] BookmarkNodeAdded, ABU: 0
2026-08-12 09:49:21.923: [INFO] BookmarkNodeAdded, ABU: 0
2026-08-12 09:49:21.924: [INFO] BookmarkNodeAdded, ABU: 0
2026-08-12 09:49:21.924: [INFO] BookmarkNodeAdded, ABU: 0
2026-08-12 09:49:21.924: [INFO] BookmarkNodeAdded, ABU: 0
2026-08-12 09:49:21.924: [INFO] BookmarkNodeAdded, ABU: 0
2026-08-12 09:49:21.924: [INFO] BookmarkNodeAdded, ABU: 0
2026-08-12 09:49:21.924: [INFO] BookmarkNodeAdded, ABU: 0
2026-08-12 09:49:21.925: [INFO] BookmarkNodeAdded, ABU: 0
2026-08-12 09:49:21.925: [INFO] BookmarkNodeAdded, ABU: 0
2026-08-12 09:49:21.925: [INFO] BookmarkNodeAdded, ABU: 0
2026-08-12 09:49:21.925: [INFO] BookmarkNodeAdded, ABU: 0
2026-08-12 09:49:21.925: [INFO] BookmarkNodeAdded, ABU: 0
2026-08-12 09:49:21.925: [INFO] BookmarkNodeAdded, ABU: 0
2026-08-12 09:49:21.925: [INFO] BookmarkNodeAdded, ABU: 0
2026-08-12 09:49:21.925: [INFO] BookmarkNodeAdded, ABU: 0
2026-08-12 09:49:21.925: [INFO] BookmarkNodeAdded, ABU: 0
2026-08-12 09:49:21.926: [INFO] BookmarkNodeAdded, ABU: 0
2026-08-12 09:49:21.926: [INFO] BookmarkNodeAdded, ABU: 0
2026-08-12 09:49:21.926: [INFO] BookmarkNodeAdded, ABU: 0
2026-08-12 09:49:21.926: [INFO] BookmarkNodeAdded, ABU: 0
2026-08-12 09:49:21.926: [INFO] BookmarkNodeAdded, ABU: 0
2026-08-12 09:49:21.926: [INFO] BookmarkNodeAdded, ABU: 0
2026-08-12 09:49:21.926: [INFO] BookmarkNodeAdded, ABU: 0
2026-08-12 09:49:21.926: [INFO] BookmarkNodeAdded, ABU: 0
2026-08-12 09:49:21.926: [INFO] BookmarkNodeAdded, ABU: 0
2026-08-12 09:49:21.927: [INFO] BookmarkNodeAdded, ABU: 0
2026-08-12 09:49:21.927: [INFO] BookmarkNodeAdded, ABU: 0
2026-08-12 09:49:21.927: [INFO] BookmarkNodeAdded, ABU: 0
2026-08-12 09:49:21.927: [INFO] BookmarkNodeAdded, ABU: 0
2026-08-12 09:49:21.927: [INFO] BookmarkNodeAdded, ABU: 0
2026-08-12 09:49:21.927: [INFO] BookmarkNodeAdded, ABU: 0
2026-08-12 09:49:21.927: [INFO] BookmarkNodeAdded, ABU: 0
2026-08-12 09:49:21.927: [INFO] BookmarkNodeAdded, ABU: 0
2026-08-12 09:49:21.927: [INFO] BookmarkNodeAdded, ABU: 0
2026-08-12 09:49:21.927: [INFO] BookmarkNodeAdded, ABU: 0
2026-08-12 09:49:21.927: [INFO] BookmarkNodeAdded, ABU: 0
2026-08-12 09:49:21.927: [INFO] BookmarkNodeAdded, ABU: 0
2026-08-12 09:49:21.928: [INFO] BookmarkNodeAdded, ABU: 0
2026-08-12 09:49:21.928: [INFO] BookmarkNodeAdded, ABU: 0
2026-08-12 09:49:21.928: [INFO] BookmarkNodeAdded, ABU: 0
2026-08-12 09:49:21.928: [INFO] BookmarkNodeAdded, ABU: 0
2026-08-12 09:49:21.928: [INFO] BookmarkNodeAdded, ABU: 0
2026-08-12 09:49:21.928: [INFO] BookmarkNodeAdded, ABU: 0
2026-08-12 09:49:21.928: [INFO] BookmarkNodeAdded, ABU: 0
2026-08-12 09:49:21.928: [INFO] BookmarkNodeAdded, ABU: 0
2026-08-12 09:49:21.928: [INFO] BookmarkNodeAdded, ABU: 0
2026-08-12 09:49:21.928: [INFO] BookmarkNodeAdded, ABU: 0
2026-08-12 09:49:21.929: [INFO] BookmarkNodeAdded, ABU: 0
2026-08-12 09:49:21.929: [INFO] BookmarkNodeAdded, ABU: 0
2026-08-12 09:49:21.929: [INFO] BookmarkNodeAdded, ABU: 0
2026-08-12 09:49:21.929: [INFO] BookmarkNodeAdded, ABU: 0
2026-08-12 09:49:21.929: [INFO] BookmarkNodeAdded, ABU: 0
2026-08-12 09:49:21.929: [INFO] BookmarkNodeAdded, ABU: 0
2026-08-12 09:49:21.929: [INFO] BookmarkNodeAdded, ABU: 0
2026-08-12 09:49:21.929: [INFO] BookmarkNodeAdded, ABU: 0
2026-08-12 09:49:21.930: [INFO] BookmarkNodeAdded, ABU: 0
2026-08-12 09:49:21.930: [INFO] BookmarkNodeAdded, ABU: 0
2026-08-12 09:49:21.930: [INFO] BookmarkNodeAdded, ABU: 0
2026-08-12 09:49:21.930: [INFO] BookmarkNodeAdded, ABU: 0
2026-08-12 09:49:21.930: [INFO] BookmarkNodeAdded, ABU: 0
2026-08-12 09:49:21.930: [INFO] BookmarkNodeAdded, ABU: 0
2026-08-12 09:49:21.930: [INFO] BookmarkNodeAdded, ABU: 0
2026-08-12 09:49:21.930: [INFO] BookmarkNodeAdded, ABU: 0
2026-08-12 09:49:21.930: [INFO] BookmarkNodeAdded, ABU: 0
2026-08-12 09:49:21.930: [INFO] BookmarkNodeAdded, ABU: 0
2026-08-12 09:49:21.930: [INFO] BookmarkNodeAdded, ABU: 0
2026-08-12 09:49:21.930: [INFO] BookmarkNodeAdded, ABU: 0
2026-08-12 09:49:21.931: [INFO] BookmarkNodeAdded, ABU: 0
2026-08-12 09:49:21.931: [INFO] BookmarkNodeAdded, ABU: 0
2026-08-12 09:49:21.931: [INFO] BookmarkNodeAdded, ABU: 0
2026-08-12 09:49:21.931: [INFO] BookmarkNodeAdded, ABU: 0
2026-08-12 09:49:21.931: [INFO] BookmarkNodeAdded, ABU: 0
2026-08-12 09:49:21.931: [INFO] BookmarkNodeAdded, ABU: 0
2026-08-12 09:49:21.931: [INFO] BookmarkNodeAdded, ABU: 0
2026-08-12 09:49:21.932: [INFO] BookmarkNodeAdded, ABU: 0
2026-08-12 09:49:21.932: [INFO] BookmarkNodeAdded, ABU: 0
2026-08-12 09:49:21.932: [INFO] BookmarkNodeAdded, ABU: 0
2026-08-12 09:49:21.932: [INFO] BookmarkNodeAdded, ABU: 0
2026-08-12 09:49:21.932: [INFO] BookmarkNodeAdded, ABU: 0
2026-08-12 09:49:21.932: [INFO] BookmarkNodeAdded, ABU: 0
2026-08-12 09:49:21.932: [INFO] BookmarkNodeAdded, ABU: 0
2026-08-12 09:49:21.933: [INFO] BookmarkNodeAdded, ABU: 0
2026-08-12 09:49:21.933: [INFO] BookmarkNodeAdded, ABU: 0
2026-08-12 09:49:21.933: [INFO] BookmarkNodeAdded, ABU: 0
2026-08-12 09:49:21.933: [INFO] BookmarkNodeAdded, ABU: 0
2026-08-12 09:49:21.933: [INFO] BookmarkNodeAdded, ABU: 0
2026-08-12 09:49:21.933: [INFO] BookmarkNodeAdded, ABU: 0
2026-08-12 09:49:21.934: [INFO] BookmarkNodeAdded, ABU: 0
2026-08-12 09:49:21.934: [INFO] BookmarkNodeAdded, ABU: 0
2026-08-12 09:49:21.934: [INFO] BookmarkNodeAdded, ABU: 0
2026-08-12 09:49:21.934: [INFO] BookmarkNodeAdded, ABU: 0
2026-08-12 09:49:21.934: [INFO] BookmarkNodeAdded, ABU: 0
2026-08-12 09:49:21.934: [INFO] BookmarkNodeAdded, ABU: 0
2026-08-12 09:49:21.934: [INFO] BookmarkNodeAdded, ABU: 0
2026-08-12 09:49:21.935: [INFO] BookmarkNodeAdded, ABU: 0
2026-08-12 09:49:21.935: [INFO] BookmarkNodeAdded, ABU: 0
2026-08-12 09:49:21.935: [INFO] BookmarkNodeAdded, ABU: 0
2026-08-12 09:49:21.935: [INFO] BookmarkNodeAdded, ABU: 0
2026-08-12 09:49:21.935: [INFO] BookmarkNodeAdded, ABU: 0
2026-08-12 09:49:21.935: [INFO] BookmarkNodeAdded, ABU: 0
2026-08-12 09:49:21.936: [INFO] BookmarkNodeAdded, ABU: 0
2026-08-12 09:49:21.936: [INFO] BookmarkNodeAdded, ABU: 0
2026-08-12 09:49:21.936: [INFO] BookmarkNodeAdded, ABU: 0
2026-08-12 09:49:21.936: [INFO] BookmarkNodeAdded, ABU: 0
2026-08-12 09:49:21.936: [INFO] BookmarkNodeAdded, ABU: 0
2026-08-12 09:49:21.936: [INFO] BookmarkNodeAdded, ABU: 0
2026-08-12 09:49:21.937: [INFO] BookmarkNodeAdded, ABU: 0
2026-08-12 09:49:21.937: [INFO] BookmarkNodeAdded, ABU: 0
2026-08-12 09:49:21.937: [INFO] BookmarkNodeAdded, ABU: 0
2026-08-12 09:49:21.937: [INFO] BookmarkNodeAdded, ABU: 0
2026-08-12 09:49:21.937: [INFO] BookmarkNodeAdded, ABU: 0
2026-08-12 09:49:21.937: [INFO] BookmarkNodeAdded, ABU: 0
2026-08-12 09:49:21.938: [INFO] BookmarkNodeAdded, ABU: 0
2026-08-12 09:49:21.938: [INFO] BookmarkNodeAdded, ABU: 0
2026-08-12 09:49:21.938: [INFO] BookmarkNodeAdded, ABU: 0
2026-08-12 09:49:21.938: [INFO] BookmarkNodeAdded, ABU: 0
2026-08-12 09:49:21.938: [INFO] BookmarkNodeAdded, ABU: 0
2026-08-12 09:49:21.939: [INFO] BookmarkNodeAdded, ABU: 0
2026-08-12 09:49:21.939: [INFO] BookmarkNodeAdded, ABU: 0
2026-08-12 09:49:21.939: [INFO] BookmarkNodeAdded, ABU: 0
2026-08-12 09:49:21.939: [INFO] BookmarkNodeAdded, ABU: 0
2026-08-12 09:49:21.939: [INFO] BookmarkNodeAdded, ABU: 0
2026-08-12 09:49:21.939: [INFO] BookmarkNodeAdded, ABU: 0
2026-08-12 09:49:21.940: [INFO] BookmarkNodeAdded, ABU: 0
2026-08-12 09:49:21.940: [INFO] BookmarkNodeAdded, ABU: 0
2026-08-12 09:49:21.940: [INFO] BookmarkNodeAdded, ABU: 0
2026-08-12 09:49:21.940: [INFO] BookmarkNodeAdded, ABU: 0
2026-08-12 09:49:21.940: [INFO] BookmarkNodeAdded, ABU: 0
2026-08-12 09:49:21.940: [INFO] BookmarkNodeAdded, ABU: 0
2026-08-12 09:49:21.940: [INFO] BookmarkNodeAdded, ABU: 0
2026-08-12 09:49:21.940: [INFO] BookmarkNodeAdded, ABU: 0
2026-08-12 09:49:21.940: [INFO] BookmarkNodeAdded, ABU: 0
2026-08-12 09:49:21.941: [INFO] BookmarkNodeAdded, ABU: 0
2026-08-12 09:49:21.941: [INFO] BookmarkNodeAdded, ABU: 0
2026-08-12 09:49:21.941: [INFO] BookmarkNodeAdded, ABU: 0
2026-08-12 09:49:21.941: [INFO] BookmarkNodeAdded, ABU: 0
2026-08-12 09:49:21.941: [INFO] BookmarkNodeAdded, ABU: 0
2026-08-12 09:49:21.941: [INFO] BookmarkNodeAdded, ABU: 0
2026-08-12 09:49:21.941: [INFO] BookmarkNodeAdded, ABU: 0
2026-08-12 09:49:21.941: [INFO] BookmarkNodeAdded, ABU: 0
2026-08-12 09:49:21.941: [INFO] BookmarkNodeAdded, ABU: 0
2026-08-12 09:49:21.942: [INFO] BookmarkNodeAdded, ABU: 0
2026-08-12 09:49:21.942: [INFO] BookmarkNodeAdded, ABU: 0
2026-08-12 09:49:21.942: [INFO] BookmarkNodeAdded, ABU: 0
2026-08-12 09:49:21.942: [INFO] BookmarkNodeAdded, ABU: 0
2026-08-12 09:49:21.942: [INFO] BookmarkNodeAdded, ABU: 0
2026-08-12 09:49:21.942: [INFO] BookmarkNodeAdded, ABU: 0
2026-08-12 09:49:21.943: [INFO] BookmarkNodeAdded, ABU: 0
2026-08-12 09:49:21.943: [INFO] BookmarkNodeAdded, ABU: 0
2026-08-12 09:49:21.943: [INFO] BookmarkNodeAdded, ABU: 0
2026-08-12 09:49:21.943: [INFO] BookmarkNodeAdded, ABU: 0
2026-08-12 09:49:21.944: [INFO] BookmarkNodeAdded, ABU: 0
2026-08-12 09:49:21.944: [INFO] BookmarkNodeAdded, ABU: 0
2026-08-12 09:49:21.944: [INFO] BookmarkNodeAdded, ABU: 0
2026-08-12 09:49:21.944: [INFO] BookmarkNodeAdded, ABU: 0
2026-08-12 09:49:21.944: [INFO] BookmarkNodeAdded, ABU: 0
2026-08-12 09:49:21.944: [INFO] BookmarkNodeAdded, ABU: 0
2026-08-12 09:49:21.945: [INFO] BookmarkNodeAdded, ABU: 0
2026-08-12 09:49:21.945: [INFO] BookmarkNodeAdded, ABU: 0
2026-08-12 09:49:21.945: [INFO] BookmarkNodeAdded, ABU: 0
2026-08-12 09:49:21.945: [INFO] BookmarkNodeAdded, ABU: 0
2026-08-12 09:49:21.945: [INFO] BookmarkNodeAdded, ABU: 0
2026-08-12 09:49:21.946: [INFO] BookmarkNodeAdded, ABU: 0
2026-08-12 09:49:21.946: [INFO] BookmarkNodeAdded, ABU: 0
2026-08-12 09:49:21.946: [INFO] BookmarkNodeAdded, ABU: 0
2026-08-12 09:49:21.947: [INFO] BookmarkNodeAdded, ABU: 0
2026-08-12 09:49:21.947: [INFO] BookmarkNodeAdded, ABU: 0
2026-08-12 09:49:21.947: [INFO] BookmarkNodeAdded, ABU: 0
2026-08-12 09:49:21.947: [INFO] BookmarkNodeAdded, ABU: 0
2026-08-12 09:49:21.948: [INFO] BookmarkNodeAdded, ABU: 0
2026-08-12 09:49:21.948: [INFO] BookmarkNodeAdded, ABU: 0
2026-08-12 09:49:21.948: [INFO] BookmarkNodeAdded, ABU: 0
2026-08-12 09:49:21.948: [INFO] BookmarkNodeAdded, ABU: 0
2026-08-12 09:49:21.949: [INFO] BookmarkNodeAdded, ABU: 0
2026-08-12 09:49:21.949: [INFO] BookmarkNodeAdded, ABU: 0
2026-08-12 09:49:21.949: [INFO] BookmarkNodeAdded, ABU: 0
2026-08-12 09:49:21.949: [INFO] BookmarkNodeAdded, ABU: 0
2026-08-12 09:49:21.949: [INFO] BookmarkNodeAdded, ABU: 0
2026-08-12 09:49:21.950: [INFO] BookmarkNodeAdded, ABU: 0
2026-08-12 09:49:21.950: [INFO] BookmarkNodeAdded, ABU: 0
2026-08-12 09:49:21.950: [INFO] BookmarkNodeAdded, ABU: 0
2026-08-12 09:49:21.950: [INFO] BookmarkNodeAdded, ABU: 0
2026-08-12 09:49:21.951: [INFO] BookmarkNodeAdded, ABU: 0
2026-08-12 09:49:21.951: [INFO] BookmarkNodeAdded, ABU: 0
2026-08-12 09:49:21.951: [INFO] BookmarkNodeAdded, ABU: 0
2026-08-12 09:49:21.951: [INFO] BookmarkNodeAdded, ABU: 0
2026-08-12 09:49:21.952: [INFO] BookmarkNodeAdded, ABU: 0
2026-08-12 09:49:21.952: [INFO] BookmarkNodeAdded, ABU: 0
2026-08-12 09:49:21.952: [INFO] BookmarkNodeAdded, ABU: 0
2026-08-12 09:49:21.952: [INFO] BookmarkNodeAdded, ABU: 0
2026-08-12 09:49:21.952: [INFO] BookmarkNodeAdded, ABU: 0
2026-08-12 09:49:21.952: [INFO] BookmarkNodeAdded, ABU: 0
2026-08-12 09:49:21.952: [INFO] BookmarkNodeAdded, ABU: 0
2026-08-12 09:49:21.953: [INFO] BookmarkNodeAdded, ABU: 0
2026-08-12 09:49:21.953: [INFO] BookmarkNodeAdded, ABU: 0
2026-08-12 09:49:21.953: [INFO] BookmarkNodeAdded, ABU: 0
2026-08-12 09:49:21.953: [INFO] BookmarkNodeAdded, ABU: 0
2026-08-12 09:49:21.953: [INFO] BookmarkNodeAdded, ABU: 0
2026-08-12 09:49:21.953: [INFO] BookmarkNodeAdded, ABU: 0
2026-08-12 09:49:21.954: [INFO] BookmarkNodeAdded, ABU: 0
2026-08-12 09:49:21.954: [INFO] BookmarkNodeAdded, ABU: 0
2026-08-12 09:49:21.954: [INFO] BookmarkNodeAdded, ABU: 0
2026-08-12 09:49:21.954: [INFO] BookmarkNodeAdded, ABU: 0
2026-08-12 09:49:21.954: [INFO] BookmarkNodeAdded, ABU: 0
2026-08-12 09:49:21.955: [INFO] BookmarkNodeAdded, ABU: 0
2026-08-12 09:49:21.955: [INFO] BookmarkNodeAdded, ABU: 0
2026-08-12 09:49:21.955: [INFO] BookmarkNodeAdded, ABU: 0
2026-08-12 09:49:21.955: [INFO] BookmarkNodeAdded, ABU: 0
2026-08-12 09:49:21.955: [INFO] BookmarkNodeAdded, ABU: 0
2026-08-12 09:49:21.956: [INFO] BookmarkNodeAdded, ABU: 0
2026-08-12 09:49:21.956: [INFO] BookmarkNodeAdded, ABU: 0
2026-08-12 09:49:21.956: [INFO] BookmarkNodeAdded, ABU: 0
2026-08-12 09:49:21.956: [INFO] BookmarkNodeAdded, ABU: 0
2026-08-12 09:49:21.956: [INFO] BookmarkNodeAdded, ABU: 0
2026-08-12 09:49:21.957: [INFO] BookmarkNodeAdded, ABU: 0
2026-08-12 09:49:21.957: [INFO] BookmarkNodeAdded, ABU: 0
2026-08-12 09:49:21.957: [INFO] BookmarkNodeAdded, ABU: 0
2026-08-12 09:49:21.957: [INFO] BookmarkNodeAdded, ABU: 0
2026-08-12 09:49:21.957: [INFO] BookmarkNodeAdded, ABU: 0
2026-08-12 09:49:21.957: [INFO] BookmarkNodeAdded, ABU: 0
2026-08-12 09:49:21.957: [INFO] BookmarkNodeAdded, ABU: 0
2026-08-12 09:49:21.957: [INFO] BookmarkNodeAdded, ABU: 0
2026-08-12 09:49:21.958: [INFO] BookmarkNodeAdded, ABU: 0
2026-08-12 09:49:21.958: [INFO] BookmarkNodeAdded, ABU: 0
2026-08-12 09:49:21.958: [INFO] BookmarkNodeAdded, ABU: 0
2026-08-12 09:49:21.958: [INFO] BookmarkNodeAdded, ABU: 0
2026-08-12 09:49:21.958: [INFO] BookmarkNodeAdded, ABU: 0
2026-08-12 09:49:21.958: [INFO] BookmarkNodeAdded, ABU: 0
2026-08-12 09:49:21.958: [INFO] BookmarkNodeAdded, ABU: 0
2026-08-12 09:49:21.958: [INFO] BookmarkNodeAdded, ABU: 0
2026-08-12 09:49:21.959: [INFO] BookmarkNodeAdded, ABU: 0
2026-08-12 09:49:21.959: [INFO] BookmarkNodeAdded, ABU: 0
2026-08-12 09:49:21.959: [INFO] BookmarkNodeAdded, ABU: 0
2026-08-12 09:49:21.959: [INFO] BookmarkNodeAdded, ABU: 0
2026-08-12 09:49:21.959: [INFO] BookmarkNodeAdded, ABU: 0
2026-08-12 09:49:21.959: [INFO] BookmarkNodeAdded, ABU: 0
2026-08-12 09:49:21.959: [INFO] BookmarkNodeAdded, ABU: 0
2026-08-12 09:49:21.959: [INFO] BookmarkNodeAdded, ABU: 0
2026-08-12 09:49:21.959: [INFO] BookmarkNodeAdded, ABU: 0
2026-08-12 09:49:21.959: [INFO] BookmarkNodeAdded, ABU: 0
2026-08-12 09:49:21.959: [INFO] BookmarkNodeAdded, ABU: 0
2026-08-12 09:49:21.960: [INFO] BookmarkNodeAdded, ABU: 0
2026-08-12 09:49:21.960: [INFO] BookmarkNodeAdded, ABU: 0
2026-08-12 09:49:21.960: [INFO] BookmarkNodeAdded, ABU: 0
2026-08-12 09:49:21.960: [INFO] BookmarkNodeAdded, ABU: 0
2026-08-12 09:49:21.960: [INFO] BookmarkNodeAdded, ABU: 0
2026-08-12 09:49:21.960: [INFO] BookmarkNodeAdded, ABU: 0
2026-08-12 09:49:21.960: [INFO] BookmarkNodeAdded, ABU: 0
2026-08-12 09:49:21.960: [INFO] BookmarkNodeAdded, ABU: 0
2026-08-12 09:49:21.960: [INFO] BookmarkNodeAdded, ABU: 0
2026-08-12 09:49:21.961: [INFO] BookmarkNodeAdded, ABU: 0
2026-08-12 09:49:21.961: [INFO] BookmarkNodeAdded, ABU: 0
2026-08-12 09:49:21.961: [INFO] BookmarkNodeAdded, ABU: 0
2026-08-12 09:49:21.961: [INFO] BookmarkNodeAdded, ABU: 0
2026-08-12 09:49:21.961: [INFO] BookmarkNodeAdded, ABU: 0
2026-08-12 09:49:21.961: [INFO] BookmarkNodeAdded, ABU: 0
2026-08-12 09:49:21.961: [INFO] BookmarkNodeAdded, ABU: 0
2026-08-12 09:49:21.961: [INFO] BookmarkNodeAdded, ABU: 0
2026-08-12 09:49:21.962: [INFO] BookmarkNodeAdded, ABU: 0
2026-08-12 09:49:21.962: [INFO] BookmarkNodeAdded, ABU: 0
2026-08-12 09:49:21.962: [INFO] BookmarkNodeAdded, ABU: 0
2026-08-12 09:49:21.962: [INFO] BookmarkNodeAdded, ABU: 0
2026-08-12 09:49:21.962: [INFO] BookmarkNodeAdded, ABU: 0
2026-08-12 09:49:21.962: [INFO] BookmarkNodeAdded, ABU: 0
2026-08-12 09:49:21.962: [INFO] BookmarkNodeAdded, ABU: 0
2026-08-12 09:49:21.962: [INFO] BookmarkNodeAdded, ABU: 0
2026-08-12 09:49:21.963: [INFO] BookmarkNodeAdded, ABU: 0
2026-08-12 09:49:21.963: [INFO] BookmarkNodeAdded, ABU: 0
2026-08-12 09:49:21.963: [INFO] BookmarkNodeAdded, ABU: 0
2026-08-12 09:49:21.963: [INFO] BookmarkNodeAdded, ABU: 0
2026-08-12 09:49:21.963: [INFO] BookmarkNodeAdded, ABU: 0
2026-08-12 09:49:21.963: [INFO] BookmarkNodeAdded, ABU: 0
2026-08-12 09:49:21.963: [INFO] BookmarkNodeAdded, ABU: 0
2026-08-12 09:49:21.963: [INFO] BookmarkNodeAdded, ABU: 0
2026-08-12 09:49:21.963: [INFO] BookmarkNodeAdded, ABU: 0
2026-08-12 09:49:21.963: [INFO] BookmarkNodeAdded, ABU: 0
2026-08-12 09:49:21.964: [INFO] BookmarkNodeAdded, ABU: 0
2026-08-12 09:49:21.964: [INFO] BookmarkNodeAdded, ABU: 0
2026-08-12 09:49:21.964: [INFO] BookmarkNodeAdded, ABU: 0
2026-08-12 09:49:21.964: [INFO] BookmarkNodeAdded, ABU: 0
2026-08-12 09:49:21.964: [INFO] BookmarkNodeAdded, ABU: 0
2026-08-12 09:49:21.964: [INFO] BookmarkNodeAdded, ABU: 0
2026-08-12 09:49:21.965: [INFO] BookmarkNodeAdded, ABU: 0
2026-08-12 09:49:21.965: [INFO] BookmarkNodeAdded, ABU: 0
2026-08-12 09:49:21.965: [INFO] BookmarkNodeAdded, ABU: 0
2026-08-12 09:49:21.965: [INFO] BookmarkNodeAdded, ABU: 0
2026-08-12 09:49:21.965: [INFO] BookmarkNodeAdded, ABU: 0
2026-08-12 09:49:21.966: [INFO] BookmarkNodeAdded, ABU: 0
2026-08-12 09:49:21.966: [INFO] BookmarkNodeAdded, ABU: 0
2026-08-12 09:49:21.966: [INFO] BookmarkNodeAdded, ABU: 0
2026-08-12 09:49:21.966: [INFO] BookmarkNodeAdded, ABU: 0
2026-08-12 09:49:21.966: [INFO] BookmarkNodeAdded, ABU: 0
2026-08-12 09:49:21.966: [INFO] BookmarkNodeAdded, ABU: 0
2026-08-12 09:49:21.966: [INFO] BookmarkNodeAdded, ABU: 0
2026-08-12 09:49:21.967: [INFO] BookmarkNodeAdded, ABU: 0
2026-08-12 09:49:21.967: [INFO] BookmarkNodeAdded, ABU: 0
2026-08-12 09:49:21.967: [INFO] BookmarkNodeAdded, ABU: 0
2026-08-12 09:49:21.967: [INFO] BookmarkNodeAdded, ABU: 0
2026-08-12 09:49:21.967: [INFO] BookmarkNodeAdded, ABU: 0
2026-08-12 09:49:21.967: [INFO] BookmarkNodeAdded, ABU: 0
2026-08-12 09:49:21.968: [INFO] BookmarkNodeAdded, ABU: 0
2026-08-12 09:49:21.968: [INFO] BookmarkNodeAdded, ABU: 0
2026-08-12 09:49:21.968: [INFO] BookmarkNodeAdded, ABU: 0
2026-08-12 09:49:21.968: [INFO] BookmarkNodeAdded, ABU: 0
2026-08-12 09:49:21.968: [INFO] BookmarkNodeAdded, ABU: 0
2026-08-12 09:49:21.969: [INFO] BookmarkNodeAdded, ABU: 0
2026-08-12 09:49:21.969: [INFO] BookmarkNodeAdded, ABU: 0
2026-08-12 09:49:21.970: [INFO] BookmarkNodeAdded, ABU: 0
2026-08-12 09:49:21.970: [INFO] BookmarkNodeAdded, ABU: 0
2026-08-12 09:49:21.970: [INFO] BookmarkNodeAdded, ABU: 0
2026-08-12 09:49:21.970: [INFO] BookmarkNodeAdded, ABU: 0
2026-08-12 09:49:21.970: [INFO] BookmarkNodeAdded, ABU: 0
2026-08-12 09:49:21.971: [INFO] BookmarkNodeAdded, ABU: 0
2026-08-12 09:49:21.971: [INFO] BookmarkNodeAdded, ABU: 0
2026-08-12 09:49:21.972: [INFO] BookmarkNodeAdded, ABU: 0
2026-08-12 09:49:21.972: [INFO] BookmarkNodeAdded, ABU: 0
2026-08-12 09:49:21.972: [INFO] BookmarkNodeAdded, ABU: 0
2026-08-12 09:49:21.972: [INFO] BookmarkNodeAdded, ABU: 0
2026-08-12 09:49:21.972: [INFO] BookmarkNodeAdded, ABU: 0
2026-08-12 09:49:21.973: [INFO] BookmarkNodeAdded, ABU: 0
2026-08-12 09:49:21.973: [INFO] BookmarkNodeAdded, ABU: 0
2026-08-12 09:49:21.973: [INFO] BookmarkNodeAdded, ABU: 0
2026-08-12 09:49:21.973: [INFO] BookmarkNodeAdded, ABU: 0
2026-08-12 09:49:21.973: [INFO] BookmarkNodeAdded, ABU: 0
2026-08-12 09:49:21.973: [INFO] BookmarkNodeAdded, ABU: 0
2026-08-12 09:49:21.973: [INFO] BookmarkNodeAdded, ABU: 0
2026-08-12 09:49:21.973: [INFO] BookmarkNodeAdded, ABU: 0
2026-08-12 09:49:21.973: [INFO] BookmarkNodeAdded, ABU: 0
2026-08-12 09:49:21.974: [INFO] BookmarkNodeAdded, ABU: 0
2026-08-12 09:49:21.974: [INFO] BookmarkNodeAdded, ABU: 0
2026-08-12 09:49:21.974: [INFO] BookmarkNodeAdded, ABU: 0
2026-08-12 09:49:21.974: [INFO] BookmarkNodeAdded, ABU: 0
2026-08-12 09:49:21.974: [INFO] BookmarkNodeAdded, ABU: 0
2026-08-12 09:49:21.974: [INFO] BookmarkNodeAdded, ABU: 0
2026-08-12 09:49:21.974: [INFO] BookmarkNodeAdded, ABU: 0
2026-08-12 09:49:21.974: [INFO] BookmarkNodeAdded, ABU: 0
2026-08-12 09:49:21.974: [INFO] BookmarkNodeAdded, ABU: 0
2026-08-12 09:49:21.974: [INFO] BookmarkNodeAdded, ABU: 0
2026-08-12 09:49:21.974: [INFO] BookmarkNodeAdded, ABU: 0
2026-08-12 09:49:21.975: [INFO] BookmarkNodeAdded, ABU: 0
2026-08-12 09:49:21.975: [INFO] BookmarkNodeAdded, ABU: 0
2026-08-12 09:49:21.975: [INFO] BookmarkNodeAdded, ABU: 0
2026-08-12 09:49:21.975: [INFO] BookmarkNodeAdded, ABU: 0
2026-08-12 09:49:21.975: [INFO] BookmarkNodeAdded, ABU: 0
2026-08-12 09:49:21.975: [INFO] BookmarkNodeAdded, ABU: 0
2026-08-12 09:49:21.987: [INFO] BookmarkBarPrefChanged showBar=0 showBarNTP=1
2026-08-12 09:49:22.790: [INFO] Sync initialization duration: 33611ms
2026-08-12 10:17:51.004: [INFO] BookmarksSnapshot Shutdown total=778 bar=23 other=9 mobile=76 showBar=0 showBarNTP=1
