{"logTime": "0812/094854", "correlationVector":"E7umlm7siSA2bUcRSWW73B.1","action":"SyncServerConnectionManagerRequest", "result":"SYNC_SERVER_OK", "context":{"environment":"Prod_westeurope_prod-s01-080-eur-westeurope", "migrationStage":"NotStarted", "server":"akswtt00400001e"}}
{"logTime": "0812/094854", "correlationVector":"E7umlm7siSA2bUcRSWW73B.2","action":"ProcessGetUpdates", "result":"Done", "context":{"dataType":"Encryption Keys", "deleted":"0", "process_failed_to_decrypt":"0", "process_pending_decryption":"0", "process_success":"1", "total":"1"}}
{"logTime": "0812/094856", "correlationVector":"kfY4sEugUF+wOKLbTFqsxu","action":"SyncServerConnectionManagerRequest", "result":"SYNC_SERVER_OK", "context":{"environment":"", "migrationStage":"", "server":""}}
{"logTime": "0812/094856", "correlationVector":"kfY4sEugUF+wOKLbTFqsxu.0","action":"EncryptionKeysFetcher.DownloadKeys:", "result":"Success", "context":Key count: 8, Last key timestamp: 2026-08-12T09:48:55Z}
{"logTime": "0812/094856", "correlationVector":"kfY4sEugUF+wOKLbTFqsxu.1","action":"EncryptionKeysManager::SetEncryptionKeys:", "result":"Success", "context":Key names[8]:[xXbr1qC3DCJPLJoCKG0//d9/1x/y9Kv/JnHJcQ9CuIM/MN60ILGPPern2PVWBmDpmaF9pVgXOFPkH8LGl7k2TA==][+bgduXthTlt+iM9ifJpkWXSujhQeCv9I3VAsazeB0pZ0/MHKP8asLbWl5DbanODdchP/8EEIvX/2pW+pY+Dknw==][OQH0blxCK2rFwnteupPLmLXW0xYX026k80cfX9AjQnkxFu8qAhibfGYsJDZeDHB8orUrAvXyvN604V0OgkHNSw==][SDxpHv3hzAaLY831NYm+Utyjm75H1CQVEIDgeyATcm+6RyP5vdtfmsBqxKAdIr3Wa4E0FZJt4abARysM7MOmLA==][OeMMKq1DVH+vhTnV09yWmJM3itrjMC5HV9SA6ral3ItEtWpYvas7dUqGNlKexw9fV2mB+CGo4uOjymBJrakHZA==][znZXeXBN+GC3juJbTJK99JR6aKUFV4+oyomRMiKonpJAMllU2oenlO9yUwU6VwE64a5bGDFBhv3p9nbx8uyeXw==][Tt3F0Tnwg5DcPIqQZQLvplfnk/H2sphJmrFLLRvAMHQwAMCDSTwxhRg/l+VrUPzB3I6ZTqnc4gcVRebGI8MUHg==][m+cp13k97pTPfwxyHhNydQUdfLiE0HkhIoET3aD+JxNa4ptfOnFx9rUHSNHwHWRo2nGad1JNdAdpDvp+5y4YRA==]}
{"logTime": "0812/094856", "correlationVector":"kfY4sEugUF+wOKLbTFqsxu.2","action":"EncryptionKeysManager::SetEncryptionKeysWithTimestamps:", "result":"Success", "context":Key timestamps[8]:[2022-02-23T10:06:35Z][2022-10-24T10:02:16Z][2023-04-24T04:40:27Z][2023-11-04T04:07:37Z][2024-05-06T16:52:07Z][2025-04-23T10:43:50Z][2026-02-04T15:00:59Z][2026-08-12T09:48:55Z]}
{"logTime": "0812/094856", "correlationVector":"E7umlm7siSA2bUcRSWW73B","action":"Initial GetUpdates", "result":"", "context":Reason: NEW_CLIENT. cV=E7umlm7siSA2bUcRSWW73B}
{"logTime": "0812/094856", "correlationVector":"E7umlm7siSA2bUcRSWW73B.3","action":"GetUpdates Response", "result":"Success", "context":Received 1 update(s). cV=E7umlm7siSA2bUcRSWW73B.0;server=akswtt00400001e;cloudType=Consumer;environment=Prod_westeurope_prod-s01-080-eur-westeurope;migrationStage=NotStarted}
{"logTime": "0812/094856", "correlationVector":"3JZPPkk0wMvVeNLOm2rux4","action":"Initial GetUpdates", "result":"", "context":Reason: NEWLY_SUPPORTED_DATATYPE. cV=3JZPPkk0wMvVeNLOm2rux4}
{"logTime": "0812/094900", "correlationVector":"3JZPPkk0wMvVeNLOm2rux4.1","action":"SyncServerConnectionManagerRequest", "result":"SYNC_SERVER_OK", "context":{"environment":"Prod_germanywestcentral_prod-s01-010-eur-germanywestcentral", "migrationStage":"NotStarted", "server":"akswtt00400000q"}}
{"logTime": "0812/094900", "correlationVector":"3JZPPkk0wMvVeNLOm2rux4.2","action":"ProcessGetUpdates", "result":"Done", "context":{"dataType":"Passwords", "deleted":"0", "process_failed_to_decrypt":"0", "process_pending_decryption":"0", "process_success":"240", "total":"240"}}
{"logTime": "0812/094900", "correlationVector":"3JZPPkk0wMvVeNLOm2rux4.3","action":"ProcessGetUpdates", "result":"Done", "context":{"dataType":"Device Info", "deleted":"0", "process_failed_to_decrypt":"0", "process_pending_decryption":"0", "process_success":"10", "total":"10"}}
{"logTime": "0812/094900", "correlationVector":"3JZPPkk0wMvVeNLOm2rux4.4","action":"GetUpdates Response", "result":"Success", "context":Received 250 update(s). cV=3JZPPkk0wMvVeNLOm2rux4.0;server=akswtt00400000q;cloudType=Consumer;environment=Prod_germanywestcentral_prod-s01-010-eur-germanywestcentral;migrationStage=NotStarted Some updates remain.}
{"logTime": "0812/094900", "correlationVector":"bBUxKNIah+ypkq+dlkZi3d","action":"Initial GetUpdates", "result":"", "context":Reason: NEWLY_SUPPORTED_DATATYPE. cV=bBUxKNIah+ypkq+dlkZi3d}
{"logTime": "0812/094901", "correlationVector":"bBUxKNIah+ypkq+dlkZi3d.1","action":"SyncServerConnectionManagerRequest", "result":"SYNC_SERVER_OK", "context":{"environment":"Prod_westeurope_prod-s01-080-eur-westeurope", "migrationStage":"NotStarted", "server":"akswtt004000006"}}
{"logTime": "0812/094901", "correlationVector":"bBUxKNIah+ypkq+dlkZi3d.2","action":"ProcessGetUpdates", "result":"Done", "context":{"dataType":"Passwords", "deleted":"0", "process_failed_to_decrypt":"0", "process_pending_decryption":"0", "process_success":"250", "total":"250"}}
{"logTime": "0812/094901", "correlationVector":"bBUxKNIah+ypkq+dlkZi3d.3","action":"GetUpdates Response", "result":"Success", "context":Received 250 update(s). cV=bBUxKNIah+ypkq+dlkZi3d.0;server=akswtt004000006;cloudType=Consumer;environment=Prod_westeurope_prod-s01-080-eur-westeurope;migrationStage=NotStarted Some updates remain.}
{"logTime": "0812/094901", "correlationVector":"7rQzILP07NYxsGTtqpmi/s","action":"Initial GetUpdates", "result":"", "context":Reason: NEWLY_SUPPORTED_DATATYPE. cV=7rQzILP07NYxsGTtqpmi/s}
{"logTime": "0812/094902", "correlationVector":"7rQzILP07NYxsGTtqpmi/s.1","action":"SyncServerConnectionManagerRequest", "result":"SYNC_SERVER_OK", "context":{"environment":"Prod_germanywestcentral_prod-s01-010-eur-germanywestcentral", "migrationStage":"NotStarted", "server":"akswtt00400000a"}}
{"logTime": "0812/094902", "correlationVector":"7rQzILP07NYxsGTtqpmi/s.2","action":"ProcessGetUpdates", "result":"Done", "context":{"dataType":"Passwords", "deleted":"0", "process_failed_to_decrypt":"0", "process_pending_decryption":"0", "process_success":"13", "total":"13"}}
{"logTime": "0812/094902", "correlationVector":"7rQzILP07NYxsGTtqpmi/s.3","action":"ProcessGetUpdates", "result":"Done", "context":{"dataType":"Device Info", "deleted":"0", "process_failed_to_decrypt":"0", "process_pending_decryption":"0", "process_success":"1", "total":"1"}}
{"logTime": "0812/094902", "correlationVector":"7rQzILP07NYxsGTtqpmi/s.4","action":"GetUpdates Response", "result":"Success", "context":Received 14 update(s). cV=7rQzILP07NYxsGTtqpmi/s.0;server=akswtt00400000a;cloudType=Consumer;environment=Prod_germanywestcentral_prod-s01-010-eur-germanywestcentral;migrationStage=NotStarted}
{"logTime": "0812/094902", "correlationVector":"+MByM1sYGGm+i/VxOO/qcI","action":"Initial GetUpdates", "result":"", "context":Reason: NEWLY_SUPPORTED_DATATYPE. cV=+MByM1sYGGm+i/VxOO/qcI}
{"logTime": "0812/094903", "correlationVector":"+MByM1sYGGm+i/VxOO/qcI.1","action":"SyncServerConnectionManagerRequest", "result":"SYNC_SERVER_OK", "context":{"environment":"Prod_westeurope_prod-s01-080-eur-westeurope", "migrationStage":"NotStarted", "server":"akswtt004000014"}}
{"logTime": "0812/094903", "correlationVector":"+MByM1sYGGm+i/VxOO/qcI.2","action":"ProcessGetUpdates", "result":"Done", "context":{"dataType":"Bookmarks", "deleted":"0", "process_failed_to_decrypt":"0", "process_pending_decryption":"0", "process_success":"85", "total":"85"}}
{"logTime": "0812/094903", "correlationVector":"+MByM1sYGGm+i/VxOO/qcI.3","action":"ProcessGetUpdates", "result":"Done", "context":{"dataType":"Preferences", "deleted":"0", "process_failed_to_decrypt":"0", "process_pending_decryption":"0", "process_success":"20", "total":"20"}}
{"logTime": "0812/094903", "correlationVector":"+MByM1sYGGm+i/VxOO/qcI.4","action":"ProcessGetUpdates", "result":"Done", "context":{"dataType":"Autofill", "deleted":"0", "process_failed_to_decrypt":"0", "process_pending_decryption":"0", "process_success":"142", "total":"142"}}
{"logTime": "0812/094903", "correlationVector":"+MByM1sYGGm+i/VxOO/qcI.5","action":"ProcessGetUpdates", "result":"Done", "context":{"dataType":"Extensions", "deleted":"0", "process_failed_to_decrypt":"0", "process_pending_decryption":"0", "process_success":"1", "total":"1"}}
{"logTime": "0812/094903", "correlationVector":"+MByM1sYGGm+i/VxOO/qcI.6","action":"ProcessGetUpdates", "result":"Done", "context":{"dataType":"Extension settings", "deleted":"0", "process_failed_to_decrypt":"0", "process_pending_decryption":"0", "process_success":"4", "total":"4"}}
{"logTime": "0812/094903", "correlationVector":"+MByM1sYGGm+i/VxOO/qcI.7","action":"GetUpdates Response", "result":"Success", "context":Received 252 update(s). cV=+MByM1sYGGm+i/VxOO/qcI.0;server=akswtt004000014;cloudType=Consumer;environment=Prod_westeurope_prod-s01-080-eur-westeurope;migrationStage=NotStarted Some updates remain.}
{"logTime": "0812/094903", "correlationVector":"jQskUG5AvUCADXRZGsPhGT","action":"Initial GetUpdates", "result":"", "context":Reason: NEWLY_SUPPORTED_DATATYPE. cV=jQskUG5AvUCADXRZGsPhGT}
{"logTime": "0812/094905", "correlationVector":"jQskUG5AvUCADXRZGsPhGT.1","action":"SyncServerConnectionManagerRequest", "result":"SYNC_SERVER_OK", "context":{"environment":"Prod_germanywestcentral_prod-s01-010-eur-germanywestcentral", "migrationStage":"NotStarted", "server":"akswtt00400000i"}}
{"logTime": "0812/094905", "correlationVector":"jQskUG5AvUCADXRZGsPhGT.2","action":"ProcessGetUpdates", "result":"Done", "context":{"dataType":"Bookmarks", "deleted":"0", "process_failed_to_decrypt":"0", "process_pending_decryption":"0", "process_success":"170", "total":"170"}}
{"logTime": "0812/094905", "correlationVector":"jQskUG5AvUCADXRZGsPhGT.3","action":"ProcessGetUpdates", "result":"Done", "context":{"dataType":"Preferences", "deleted":"0", "process_failed_to_decrypt":"0", "process_pending_decryption":"0", "process_success":"22", "total":"22"}}
{"logTime": "0812/094905", "correlationVector":"jQskUG5AvUCADXRZGsPhGT.4","action":"ProcessGetUpdates", "result":"Done", "context":{"dataType":"Autofill", "deleted":"0", "process_failed_to_decrypt":"0", "process_pending_decryption":"0", "process_success":"46", "total":"46"}}
{"logTime": "0812/094905", "correlationVector":"jQskUG5AvUCADXRZGsPhGT.5","action":"ProcessGetUpdates", "result":"Done", "context":{"dataType":"Extensions", "deleted":"0", "process_failed_to_decrypt":"0", "process_pending_decryption":"0", "process_success":"3", "total":"3"}}
{"logTime": "0812/094905", "correlationVector":"jQskUG5AvUCADXRZGsPhGT.6","action":"ProcessGetUpdates", "result":"Done", "context":{"dataType":"Extension settings", "deleted":"0", "process_failed_to_decrypt":"0", "process_pending_decryption":"0", "process_success":"9", "total":"9"}}
{"logTime": "0812/094905", "correlationVector":"jQskUG5AvUCADXRZGsPhGT.7","action":"GetUpdates Response", "result":"Success", "context":Received 250 update(s). cV=jQskUG5AvUCADXRZGsPhGT.0;server=akswtt00400000i;cloudType=Consumer;environment=Prod_germanywestcentral_prod-s01-010-eur-germanywestcentral;migrationStage=NotStarted Some updates remain.}
{"logTime": "0812/094905", "correlationVector":"lqVhfYUXuObExfI1BwxYOV","action":"Initial GetUpdates", "result":"", "context":Reason: NEWLY_SUPPORTED_DATATYPE. cV=lqVhfYUXuObExfI1BwxYOV}
{"logTime": "0812/094908", "correlationVector":"lqVhfYUXuObExfI1BwxYOV.1","action":"SyncServerConnectionManagerRequest", "result":"SYNC_SERVER_OK", "context":{"environment":"Prod_westeurope_prod-s01-080-eur-westeurope", "migrationStage":"NotStarted", "server":"akswtt004000010"}}
{"logTime": "0812/094908", "correlationVector":"lqVhfYUXuObExfI1BwxYOV.2","action":"ProcessGetUpdates", "result":"Done", "context":{"dataType":"Bookmarks", "deleted":"0", "process_failed_to_decrypt":"0", "process_pending_decryption":"0", "process_success":"250", "total":"250"}}
{"logTime": "0812/094908", "correlationVector":"lqVhfYUXuObExfI1BwxYOV.3","action":"GetUpdates Response", "result":"Success", "context":Received 250 update(s). cV=lqVhfYUXuObExfI1BwxYOV.0;server=akswtt004000010;cloudType=Consumer;environment=Prod_westeurope_prod-s01-080-eur-westeurope;migrationStage=NotStarted Some updates remain.}
{"logTime": "0812/094908", "correlationVector":"k3VOlP60+UGVcDX8p37m3u","action":"Initial GetUpdates", "result":"", "context":Reason: NEWLY_SUPPORTED_DATATYPE. cV=k3VOlP60+UGVcDX8p37m3u}
{"logTime": "0812/094917", "correlationVector":"k3VOlP60+UGVcDX8p37m3u.1","action":"SyncServerConnectionManagerRequest", "result":"SYNC_SERVER_OK", "context":{"environment":"Prod_germanywestcentral_prod-s01-010-eur-germanywestcentral", "migrationStage":"NotStarted", "server":"akswtt00400000i"}}
{"logTime": "0812/094918", "correlationVector":"k3VOlP60+UGVcDX8p37m3u.2","action":"ProcessGetUpdates", "result":"Done", "context":{"dataType":"Bookmarks", "deleted":"0", "process_failed_to_decrypt":"0", "process_pending_decryption":"0", "process_success":"250", "total":"250"}}
{"logTime": "0812/094918", "correlationVector":"k3VOlP60+UGVcDX8p37m3u.3","action":"GetUpdates Response", "result":"Success", "context":Received 250 update(s). cV=k3VOlP60+UGVcDX8p37m3u.0;server=akswtt00400000i;cloudType=Consumer;environment=Prod_germanywestcentral_prod-s01-010-eur-germanywestcentral;migrationStage=NotStarted Some updates remain.}
{"logTime": "0812/094918", "correlationVector":"Sm5ammJtRKoL0RR2AbA3uB","action":"Initial GetUpdates", "result":"", "context":Reason: NEWLY_SUPPORTED_DATATYPE. cV=Sm5ammJtRKoL0RR2AbA3uB}
{"logTime": "0812/094921", "correlationVector":"Sm5ammJtRKoL0RR2AbA3uB.1","action":"SyncServerConnectionManagerRequest", "result":"SYNC_SERVER_OK", "context":{"environment":"Prod_germanywestcentral_prod-s01-010-eur-germanywestcentral", "migrationStage":"NotStarted", "server":"akswtt00400000o"}}
{"logTime": "0812/094921", "correlationVector":"Sm5ammJtRKoL0RR2AbA3uB.2","action":"ProcessGetUpdates", "result":"Done", "context":{"dataType":"Bookmarks", "deleted":"0", "process_failed_to_decrypt":"0", "process_pending_decryption":"0", "process_success":"84", "total":"84"}}
{"logTime": "0812/094921", "correlationVector":"Sm5ammJtRKoL0RR2AbA3uB.3","action":"ProcessGetUpdates", "result":"Done", "context":{"dataType":"Preferences", "deleted":"0", "process_failed_to_decrypt":"0", "process_pending_decryption":"0", "process_success":"46", "total":"46"}}
{"logTime": "0812/094921", "correlationVector":"Sm5ammJtRKoL0RR2AbA3uB.4","action":"ProcessGetUpdates", "result":"Done", "context":{"dataType":"Autofill Profiles", "deleted":"0", "process_failed_to_decrypt":"0", "process_pending_decryption":"0", "process_success":"4", "total":"4"}}
{"logTime": "0812/094921", "correlationVector":"Sm5ammJtRKoL0RR2AbA3uB.5","action":"ProcessGetUpdates", "result":"Done", "context":{"dataType":"Extensions", "deleted":"0", "process_failed_to_decrypt":"0", "process_pending_decryption":"0", "process_success":"8", "total":"8"}}
{"logTime": "0812/094921", "correlationVector":"Sm5ammJtRKoL0RR2AbA3uB.6","action":"ProcessGetUpdates", "result":"Done", "context":{"dataType":"Extension settings", "deleted":"0", "process_failed_to_decrypt":"0", "process_pending_decryption":"0", "process_success":"6", "total":"6"}}
{"logTime": "0812/094921", "correlationVector":"Sm5ammJtRKoL0RR2AbA3uB.7","action":"GetUpdates Response", "result":"Success", "context":Received 148 update(s). cV=Sm5ammJtRKoL0RR2AbA3uB.0;server=akswtt00400000o;cloudType=Consumer;environment=Prod_germanywestcentral_prod-s01-010-eur-germanywestcentral;migrationStage=NotStarted}
{"logTime": "0812/094922", "correlationVector":"EKsEy6lCVgS97WiBJeKuI3","action":"Initial GetUpdates", "result":"", "context":Reason: NEWLY_SUPPORTED_DATATYPE. cV=EKsEy6lCVgS97WiBJeKuI3}
{"logTime": "0812/094922", "correlationVector":"EKsEy6lCVgS97WiBJeKuI3.1","action":"SyncServerConnectionManagerRequest", "result":"SYNC_SERVER_OK", "context":{"environment":"Prod_westeurope_prod-s01-080-eur-westeurope", "migrationStage":"NotStarted", "server":"akswtt004000012"}}
{"logTime": "0812/094922", "correlationVector":"EKsEy6lCVgS97WiBJeKuI3.2","action":"GetUpdates Response", "result":"Success", "context":Received 0 update(s). cV=EKsEy6lCVgS97WiBJeKuI3.0;server=akswtt004000012;cloudType=Consumer;environment=Prod_westeurope_prod-s01-080-eur-westeurope;migrationStage=NotStarted}
{"logTime": "0812/094922", "correlationVector":"kX4mFeYsBLj8CvcPHjiLnt","action":"Normal GetUpdate request", "result":"", "context":cV=kX4mFeYsBLj8CvcPHjiLnt
Nudged types: Preferences, Sessions, Device Info, User Consents
Refresh requested types: Bookmarks, Preferences, Passwords, Autofill Profiles, Autofill, Extensions, Sessions, Extension settings, History Delete Directives, Device Info, User Consents, Send Tab To Self, Web Apps, History, Saved Tab Group, WebAuthn Credentials, Edge E Drop, Edge Hub App Usage, Edge Workspace, Encryption Keys}
{"logTime": "0812/094923", "correlationVector":"kX4mFeYsBLj8CvcPHjiLnt.1","action":"SyncServerConnectionManagerRequest", "result":"SYNC_SERVER_OK", "context":{"environment":"Prod_westeurope_prod-s01-080-eur-westeurope", "migrationStage":"NotStarted", "server":"akswtt00400001e"}}
{"logTime": "0812/094923", "correlationVector":"kX4mFeYsBLj8CvcPHjiLnt.2","action":"GetUpdates Response", "result":"Success", "context":Received 0 update(s). cV=kX4mFeYsBLj8CvcPHjiLnt.0;server=akswtt00400001e;cloudType=Consumer;environment=Prod_westeurope_prod-s01-080-eur-westeurope;migrationStage=NotStarted}
{"logTime": "0812/094923", "correlationVector":"ATlicgnY1eG05OChOTtBLZ","action":"Commit Request", "result":"", "context":Item count: 6
Contributing types: Preferences, Sessions, Device Info, User Consents}
{"logTime": "0812/094924", "correlationVector":"ATlicgnY1eG05OChOTtBLZ.1","action":"SyncServerConnectionManagerRequest", "result":"SYNC_SERVER_OK", "context":{"environment":"Prod_germanywestcentral_prod-s01-010-eur-germanywestcentral", "migrationStage":"NotStarted", "server":"akswtt004000003"}}
{"logTime": "0812/094924", "correlationVector":"ATlicgnY1eG05OChOTtBLZ.2","action":"Commit Response", "result":"Success", "context":Result: Success. cV=ATlicgnY1eG05OChOTtBLZ.0;server=akswtt004000003;cloudType=Consumer;environment=Prod_germanywestcentral_prod-s01-010-eur-germanywestcentral;migrationStage=NotStarted}
{"logTime": "0812/095022", "correlationVector":"j6pDECm3wXRnExq1TwIBKe","action":"Commit Request", "result":"", "context":Item count: 9
Contributing types: Preferences, Sessions, History}
{"logTime": "0812/095025", "correlationVector":"j6pDECm3wXRnExq1TwIBKe.1","action":"SyncServerConnectionManagerRequest", "result":"SYNC_SERVER_OK", "context":{"environment":"Prod_germanywestcentral_prod-s01-011-eur-germanywestcentral", "migrationStage":"NotStarted", "server":"akswtt103000005"}}
{"logTime": "0812/095025", "correlationVector":"j6pDECm3wXRnExq1TwIBKe.2","action":"Commit Response", "result":"Success", "context":Result: Success. cV=j6pDECm3wXRnExq1TwIBKe.0;server=akswtt103000005;cloudType=Consumer;environment=Prod_germanywestcentral_prod-s01-011-eur-germanywestcentral;migrationStage=NotStarted}
{"logTime": "0812/095240", "correlationVector":"J2my+JzCZeRRlj83uom6fc","action":"Commit Request", "result":"", "context":Item count: 3
Contributing types: Sessions, History}
{"logTime": "0812/095242", "correlationVector":"J2my+JzCZeRRlj83uom6fc.1","action":"SyncServerConnectionManagerRequest", "result":"SYNC_SERVER_OK", "context":{"environment":"Prod_germanywestcentral_prod-s01-010-eur-germanywestcentral", "migrationStage":"NotStarted", "server":"akswtt004000004"}}
{"logTime": "0812/095242", "correlationVector":"J2my+JzCZeRRlj83uom6fc.2","action":"Commit Response", "result":"Success", "context":Result: Success. cV=J2my+JzCZeRRlj83uom6fc.0;server=akswtt004000004;cloudType=Consumer;environment=Prod_germanywestcentral_prod-s01-010-eur-germanywestcentral;migrationStage=NotStarted}
{"logTime": "0812/095407", "correlationVector":"+3EflouPnFyyi4wGsMdCxP","action":"Commit Request", "result":"", "context":Item count: 1
Contributing types: Sessions}
{"logTime": "0812/095408", "correlationVector":"+3EflouPnFyyi4wGsMdCxP.1","action":"SyncServerConnectionManagerRequest", "result":"SYNC_SERVER_OK", "context":{"environment":"Prod_germanywestcentral_prod-s01-010-eur-germanywestcentral", "migrationStage":"NotStarted", "server":"akswtt004000003"}}
{"logTime": "0812/095408", "correlationVector":"+3EflouPnFyyi4wGsMdCxP.2","action":"Commit Response", "result":"Success", "context":Result: Success. cV=+3EflouPnFyyi4wGsMdCxP.0;server=akswtt004000003;cloudType=Consumer;environment=Prod_germanywestcentral_prod-s01-010-eur-germanywestcentral;migrationStage=NotStarted}
{"logTime": "0812/095624", "correlationVector":"Wkw5PIxDlRvBYBMwzcisTa","action":"Commit Request", "result":"", "context":Item count: 3
Contributing types: Sessions, History}
{"logTime": "0812/095626", "correlationVector":"Wkw5PIxDlRvBYBMwzcisTa.1","action":"SyncServerConnectionManagerRequest", "result":"SYNC_SERVER_OK", "context":{"environment":"Prod_germanywestcentral_prod-s01-010-eur-germanywestcentral", "migrationStage":"NotStarted", "server":"akswtt00400000o"}}
{"logTime": "0812/095626", "correlationVector":"Wkw5PIxDlRvBYBMwzcisTa.2","action":"Commit Response", "result":"Success", "context":Result: Success. cV=Wkw5PIxDlRvBYBMwzcisTa.0;server=akswtt00400000o;cloudType=Consumer;environment=Prod_germanywestcentral_prod-s01-010-eur-germanywestcentral;migrationStage=NotStarted}
{"logTime": "0812/100459", "correlationVector":"3XXdb1lX3EcY2j5aXlKww9","action":"Commit Request", "result":"", "context":Item count: 1
Contributing types: Sessions}
{"logTime": "0812/100500", "correlationVector":"3XXdb1lX3EcY2j5aXlKww9.1","action":"SyncServerConnectionManagerRequest", "result":"SYNC_SERVER_OK", "context":{"environment":"Prod_germanywestcentral_prod-s01-010-eur-germanywestcentral", "migrationStage":"NotStarted", "server":"akswtt004000019"}}
{"logTime": "0812/100500", "correlationVector":"3XXdb1lX3EcY2j5aXlKww9.2","action":"Commit Response", "result":"Success", "context":Result: Success. cV=3XXdb1lX3EcY2j5aXlKww9.0;server=akswtt004000019;cloudType=Consumer;environment=Prod_germanywestcentral_prod-s01-010-eur-germanywestcentral;migrationStage=NotStarted}
{"logTime": "0812/100619", "correlationVector":"mF0Gr05ovM78HhiAUUEtge","action":"Commit Request", "result":"", "context":Item count: 11
Contributing types: Sessions, History}
{"logTime": "0812/100622", "correlationVector":"mF0Gr05ovM78HhiAUUEtge.1","action":"SyncServerConnectionManagerRequest", "result":"SYNC_SERVER_OK", "context":{"environment":"Prod_westeurope_prod-s01-080-eur-westeurope", "migrationStage":"NotStarted", "server":"akswtt004000004"}}
{"logTime": "0812/100622", "correlationVector":"mF0Gr05ovM78HhiAUUEtge.2","action":"Commit Response", "result":"Success", "context":Result: Success. cV=mF0Gr05ovM78HhiAUUEtge.0;server=akswtt004000004;cloudType=Consumer;environment=Prod_westeurope_prod-s01-080-eur-westeurope;migrationStage=NotStarted}
{"logTime": "0812/100831", "correlationVector":"i+6VoJlji7fuA0bs4HjgCu","action":"Commit Request", "result":"", "context":Item count: 14
Contributing types: Sessions, History}
{"logTime": "0812/100834", "correlationVector":"i+6VoJlji7fuA0bs4HjgCu.1","action":"SyncServerConnectionManagerRequest", "result":"SYNC_SERVER_OK", "context":{"environment":"Prod_germanywestcentral_prod-s01-010-eur-germanywestcentral", "migrationStage":"NotStarted", "server":"akswtt00400001a"}}
{"logTime": "0812/100834", "correlationVector":"i+6VoJlji7fuA0bs4HjgCu.2","action":"Commit Response", "result":"Success", "context":Result: Success. cV=i+6VoJlji7fuA0bs4HjgCu.0;server=akswtt00400001a;cloudType=Consumer;environment=Prod_germanywestcentral_prod-s01-010-eur-germanywestcentral;migrationStage=NotStarted}
{"logTime": "0812/100934", "correlationVector":"+RCAsfDh7y07Bccuoazn9o","action":"Commit Request", "result":"", "context":Item count: 10
Contributing types: Sessions, History}
{"logTime": "0812/100936", "correlationVector":"+RCAsfDh7y07Bccuoazn9o.1","action":"SyncServerConnectionManagerRequest", "result":"SYNC_SERVER_OK", "context":{"environment":"Prod_germanywestcentral_prod-s01-011-eur-germanywestcentral", "migrationStage":"NotStarted", "server":"akswtt10300001r"}}
{"logTime": "0812/100936", "correlationVector":"+RCAsfDh7y07Bccuoazn9o.2","action":"Commit Response", "result":"Success", "context":Result: Success. cV=+RCAsfDh7y07Bccuoazn9o.0;server=akswtt10300001r;cloudType=Consumer;environment=Prod_germanywestcentral_prod-s01-011-eur-germanywestcentral;migrationStage=NotStarted}
{"logTime": "0812/101114", "correlationVector":"meuqcicSWPHF67imQ+9iFB","action":"Commit Request", "result":"", "context":Item count: 17
Contributing types: Sessions, History}
{"logTime": "0812/101118", "correlationVector":"meuqcicSWPHF67imQ+9iFB.1","action":"SyncServerConnectionManagerRequest", "result":"SYNC_SERVER_OK", "context":{"environment":"Prod_germanywestcentral_prod-s01-011-eur-germanywestcentral", "migrationStage":"NotStarted", "server":"akswtt10300001q"}}
{"logTime": "0812/101118", "correlationVector":"meuqcicSWPHF67imQ+9iFB.2","action":"Commit Response", "result":"Success", "context":Result: Success. cV=meuqcicSWPHF67imQ+9iFB.0;server=akswtt10300001q;cloudType=Consumer;environment=Prod_germanywestcentral_prod-s01-011-eur-germanywestcentral;migrationStage=NotStarted}
{"logTime": "0812/101220", "correlationVector":"H+kg78v5Bg3z2fzGCB4Y4F","action":"Commit Request", "result":"", "context":Item count: 17
Contributing types: Sessions, History}
{"logTime": "0812/101224", "correlationVector":"H+kg78v5Bg3z2fzGCB4Y4F.1","action":"SyncServerConnectionManagerRequest", "result":"SYNC_SERVER_OK", "context":{"environment":"Prod_germanywestcentral_prod-s01-011-eur-germanywestcentral", "migrationStage":"NotStarted", "server":"akswtt10300000y"}}
{"logTime": "0812/101224", "correlationVector":"H+kg78v5Bg3z2fzGCB4Y4F.2","action":"Commit Response", "result":"Success", "context":Result: Success. cV=H+kg78v5Bg3z2fzGCB4Y4F.0;server=akswtt10300000y;cloudType=Consumer;environment=Prod_germanywestcentral_prod-s01-011-eur-germanywestcentral;migrationStage=NotStarted}
{"logTime": "0812/101510", "correlationVector":"njwC2ZcBsE9xzFSurZ37+1","action":"Commit Request", "result":"", "context":Item count: 21
Contributing types: Sessions, History}
{"logTime": "0812/101512", "correlationVector":"njwC2ZcBsE9xzFSurZ37+1.1","action":"SyncServerConnectionManagerRequest", "result":"SYNC_SERVER_OK", "context":{"environment":"Prod_germanywestcentral_prod-s01-011-eur-germanywestcentral", "migrationStage":"NotStarted", "server":"akswtt10300000l"}}
{"logTime": "0812/101512", "correlationVector":"njwC2ZcBsE9xzFSurZ37+1.2","action":"Commit Response", "result":"Success", "context":Result: Success. cV=njwC2ZcBsE9xzFSurZ37+1.0;server=akswtt10300000l;cloudType=Consumer;environment=Prod_germanywestcentral_prod-s01-011-eur-germanywestcentral;migrationStage=NotStarted}
{"logTime": "0812/101733", "correlationVector":"0B50GfYkrjMfDwRzF54sK6","action":"Commit Request", "result":"", "context":Item count: 4
Contributing types: Sessions, History}
{"logTime": "0812/101735", "correlationVector":"0B50GfYkrjMfDwRzF54sK6.1","action":"SyncServerConnectionManagerRequest", "result":"SYNC_SERVER_OK", "context":{"environment":"Prod_germanywestcentral_prod-s01-010-eur-germanywestcentral", "migrationStage":"NotStarted", "server":"akswtt004000019"}}
{"logTime": "0812/101735", "correlationVector":"0B50GfYkrjMfDwRzF54sK6.2","action":"Commit Response", "result":"Success", "context":Result: Success. cV=0B50GfYkrjMfDwRzF54sK6.0;server=akswtt004000019;cloudType=Consumer;environment=Prod_germanywestcentral_prod-s01-010-eur-germanywestcentral;migrationStage=NotStarted}
